[    0.000000] Initializing cgroup subsys cpuset
[    0.000000] Initializing cgroup subsys cpu
[    0.000000] Initializing cgroup subsys cpuacct
[    0.000000] Linux version 4.4.0-210-generic (buildd@lgw01-amd64-009) (gcc version 5.4.0 20160609 (Ubuntu 5.4.0-6ubuntu1~16.04.12) ) #242-Ubuntu SMP Fri Apr 16 09:57:56 UTC 2021 (Ubuntu 4.4.0-210.242-generic 4.4.262)
[    0.000000] Command line: BOOT_IMAGE=/boot/vmlinuz-4.4.0-210-generic root=UUID=803a7da5-aa4e-4ca7-bfc1-40681fb9875c ro console=tty1 console=ttyS0
[    0.000000] KERNEL supported cpus:
[    0.000000]   Intel GenuineIntel
[    0.000000]   AMD AuthenticAMD
[    0.000000]   Centaur CentaurHauls
[    0.000000] x86/fpu: xstate_offset[2]:  576, xstate_sizes[2]:  256
[    0.000000] x86/fpu: Supporting XSAVE feature 0x01: 'x87 floating point registers'
[    0.000000] x86/fpu: Supporting XSAVE feature 0x02: 'SSE registers'
[    0.000000] x86/fpu: Supporting XSAVE feature 0x04: 'AVX registers'
[    0.000000] x86/fpu: Enabled xstate features 0x7, context size is 832 bytes, using 'standard' format.
[    0.000000] e820: BIOS-provided physical RAM map:
[    0.000000] BIOS-e820: [mem 0x0000000000000000-0x000000000009fbff] usable
[    0.000000] BIOS-e820: [mem 0x000000000009fc00-0x000000000009ffff] reserved
[    0.000000] BIOS-e820: [mem 0x00000000000f0000-0x00000000000fffff] reserved
[    0.000000] BIOS-e820: [mem 0x0000000000100000-0x00000000dffeffff] usable
[    0.000000] BIOS-e820: [mem 0x00000000dfff0000-0x00000000dfffffff] ACPI data
[    0.000000] BIOS-e820: [mem 0x00000000fec00000-0x00000000fec00fff] reserved
[    0.000000] BIOS-e820: [mem 0x00000000fee00000-0x00000000fee00fff] reserved
[    0.000000] BIOS-e820: [mem 0x00000000fffc0000-0x00000000ffffffff] reserved
[    0.000000] BIOS-e820: [mem 0x0000000100000000-0x000000011fffffff] usable
[    0.000000] NX (Execute Disable) protection: active
[    0.000000] SMBIOS 2.5 present.
[    0.000000] Hypervisor detected: KVM
[    0.000000] e820: last_pfn = 0x120000 max_arch_pfn = 0x400000000
[    0.000000] MTRR: Disabled
[    0.000000] x86/PAT: MTRRs disabled, skipping PAT initialization too.
[    0.000000] CPU MTRRs all blank - virtualized system.
[    0.000000] x86/PAT: Configuration [0-7]: WB  WT  UC- UC  WB  WT  UC- UC  
[    0.000000] e820: last_pfn = 0xdfff0 max_arch_pfn = 0x400000000
[    0.000000] found SMP MP-table at [mem 0x0009fff0-0x0009ffff] mapped at [ffff88000009fff0]
[    0.000000] Scanning 1 areas for low memory corruption
[    0.000000] RAMDISK: [mem 0x361ca000-0x370dcfff]
[    0.000000] ACPI: Early table checksum verification disabled
[    0.000000] ACPI: RSDP 0x00000000000E0000 000024 (v02 VBOX  )
[    0.000000] ACPI: XSDT 0x00000000DFFF0030 00003C (v01 VBOX   VBOXXSDT 00000001 ASL  00000061)
[    0.000000] ACPI: FACP 0x00000000DFFF00F0 0000F4 (v04 VBOX   VBOXFACP 00000001 ASL  00000061)
[    0.000000] ACPI: DSDT 0x00000000DFFF0610 002353 (v02 VBOX   VBOXBIOS 00000002 INTL 20210930)
[    0.000000] ACPI: FACS 0x00000000DFFF0200 000040
[    0.000000] ACPI: FACS 0x00000000DFFF0200 000040
[    0.000000] ACPI: APIC 0x00000000DFFF0240 00005C (v02 VBOX   VBOXAPIC 00000001 ASL  00000061)
[    0.000000] ACPI: SSDT 0x00000000DFFF02A0 00036C (v01 VBOX   VBOXCPUT 00000002 INTL 20210930)
[    0.000000] No NUMA configuration found
[    0.000000] Faking a node at [mem 0x0000000000000000-0x000000011fffffff]
[    0.000000] NODE_DATA(0) allocated [mem 0x11fff7000-0x11fffbfff]
[    0.000000] kvm-clock: Using msrs 4b564d01 and 4b564d00
[    0.000000] kvm-clock: cpu 0, msr 1:1ffef001, primary cpu clock
[    0.000000] kvm-clock: using sched offset of 4105601720 cycles
[    0.000000] clocksource: kvm-clock: mask: 0xffffffffffffffff max_cycles: 0x1cd42e4dffb, max_idle_ns: 881590591483 ns
[    0.000000] Zone ranges:
[    0.000000]   DMA      [mem 0x0000000000001000-0x0000000000ffffff]
[    0.000000]   DMA32    [mem 0x0000000001000000-0x00000000ffffffff]
[    0.000000]   Normal   [mem 0x0000000100000000-0x000000011fffffff]
[    0.000000]   Device   empty
[    0.000000] Movable zone start for each node
[    0.000000] Early memory node ranges
[    0.000000]   node   0: [mem 0x0000000000001000-0x000000000009efff]
[    0.000000]   node   0: [mem 0x0000000000100000-0x00000000dffeffff]
[    0.000000]   node   0: [mem 0x0000000100000000-0x000000011fffffff]
[    0.000000] Initmem setup node 0 [mem 0x0000000000001000-0x000000011fffffff]
[    0.000000] ACPI: PM-Timer IO Port: 0x4008
[    0.000000] IOAPIC[0]: apic_id 2, version 32, address 0xfec00000, GSI 0-23
[    0.000000] ACPI: INT_SRC_OVR (bus 0 bus_irq 0 global_irq 2 dfl dfl)
[    0.000000] ACPI: INT_SRC_OVR (bus 0 bus_irq 9 global_irq 9 low level)
[    0.000000] Using ACPI (MADT) for SMP configuration information
[    0.000000] smpboot: Allowing 2 CPUs, 0 hotplug CPUs
[    0.000000] PM: Registered nosave memory: [mem 0x00000000-0x00000fff]
[    0.000000] PM: Registered nosave memory: [mem 0x0009f000-0x0009ffff]
[    0.000000] PM: Registered nosave memory: [mem 0x000a0000-0x000effff]
[    0.000000] PM: Registered nosave memory: [mem 0x000f0000-0x000fffff]
[    0.000000] PM: Registered nosave memory: [mem 0xdfff0000-0xdfffffff]
[    0.000000] PM: Registered nosave memory: [mem 0xe0000000-0xfebfffff]
[    0.000000] PM: Registered nosave memory: [mem 0xfec00000-0xfec00fff]
[    0.000000] PM: Registered nosave memory: [mem 0xfec01000-0xfedfffff]
[    0.000000] PM: Registered nosave memory: [mem 0xfee00000-0xfee00fff]
[    0.000000] PM: Registered nosave memory: [mem 0xfee01000-0xfffbffff]
[    0.000000] PM: Registered nosave memory: [mem 0xfffc0000-0xffffffff]
[    0.000000] e820: [mem 0xe0000000-0xfebfffff] available for PCI devices
[    0.000000] Booting paravirtualized kernel on KVM
[    0.000000] clocksource: refined-jiffies: mask: 0xffffffff max_cycles: 0xffffffff, max_idle_ns: 7645519600211568 ns
[    0.000000] setup_percpu: NR_CPUS:512 nr_cpumask_bits:512 nr_cpu_ids:2 nr_node_ids:1
[    0.000000] PERCPU: Embedded 33 pages/cpu @ffff88011fc00000 s95192 r8192 d31784 u1048576
[    0.000000] Built 1 zonelists in Node order, mobility grouping on.  Total pages: 1032056
[    0.000000] Policy zone: Normal
[    0.000000] Kernel command line: BOOT_IMAGE=/boot/vmlinuz-4.4.0-210-generic root=UUID=803a7da5-aa4e-4ca7-bfc1-40681fb9875c ro console=tty1 console=ttyS0
[    0.000000] PID hash table entries: 4096 (order: 3, 32768 bytes)
[    0.000000] Memory: 4027756K/4193848K available (8644K kernel code, 1332K rwdata, 4044K rodata, 1492K init, 1164K bss, 166092K reserved, 0K cma-reserved)
[    0.000000] SLUB: HWalign=64, Order=0-3, MinObjects=0, CPUs=2, Nodes=1
[    0.000000] Kernel/User page tables isolation: enabled
[    0.000000] Hierarchical RCU implementation.
[    0.000000] 	Build-time adjustment of leaf fanout to 64.
[    0.000000] 	RCU restricting CPUs from NR_CPUS=512 to nr_cpu_ids=2.
[    0.000000] RCU: Adjusting geometry for rcu_fanout_leaf=64, nr_cpu_ids=2
[    0.000000] NR_IRQS:33024 nr_irqs:440 16
[    0.000000] Console: colour VGA+ 80x25
[    0.000000] console [tty1] enabled
[    0.000000] console [ttyS0] enabled
[    0.000000] tsc: Detected 2309.358 MHz processor
[    0.492400] Calibrating delay loop (skipped) preset value.. 4618.71 BogoMIPS (lpj=9237432)
[    0.497804] pid_max: default: 32768 minimum: 301
[    0.500957] ACPI: Core revision 20150930
[    0.504662] ACPI: 2 ACPI AML tables successfully acquired and loaded
[    0.508919] Security Framework initialized
[    0.511825] Yama: becoming mindful.
[    0.514042] AppArmor: AppArmor initialized
[    0.516641] Dentry cache hash table entries: 524288 (order: 10, 4194304 bytes)
[    0.525548] Inode-cache hash table entries: 262144 (order: 9, 2097152 bytes)
[    0.531051] Mount-cache hash table entries: 8192 (order: 4, 65536 bytes)
[    0.534831] Mountpoint-cache hash table entries: 8192 (order: 4, 65536 bytes)
[    0.539117] Initializing cgroup subsys io
[    0.542219] Initializing cgroup subsys memory
[    0.544741] Initializing cgroup subsys devices
[    0.548046] Initializing cgroup subsys freezer
[    0.550993] Initializing cgroup subsys net_cls
[    0.553660] Initializing cgroup subsys perf_event
[    0.556390] Initializing cgroup subsys net_prio
[    0.559650] Initializing cgroup subsys hugetlb
[    0.562362] Initializing cgroup subsys pids
[    0.566679] mce: CPU supports 0 MCE banks
[    0.569188] Last level iTLB entries: 4KB 64, 2MB 8, 4MB 8
[    0.573107] Last level dTLB entries: 4KB 64, 2MB 0, 4MB 0, 1GB 4
[    0.577510] Spectre V1 : Mitigation: usercopy/swapgs barriers and __user pointer sanitization
[    0.582265] Spectre V2 : Mitigation: Full generic retpoline
[    0.585341] Spectre V2 : Spectre v2 / SpectreRSB mitigation: Filling RSB on context switch
[    0.591199] Speculative Store Bypass: Vulnerable
[    0.593926] SRBDS: Unknown: Dependent on hypervisor status
[    0.597534] MDS: Mitigation: Clear CPU buffers
[    0.630767] Freeing SMP alternatives memory: 36K
[    0.695498] ftrace: allocating 32380 entries in 127 pages
[    1.128784] smpboot: APIC(0) Converting physical 0 to logical package 0
[    1.133699] smpboot: Max logical packages: 1
[    1.137867] x2apic enabled
[    1.141192] Switched APIC routing to physical x2apic.
[    1.150620] ..TIMER: vector=0x30 apic1=0 pin1=2 apic2=-1 pin2=-1
[    1.262483] APIC calibration not consistent with PM-Timer: 102ms instead of 100ms
[    1.268188] APIC delta adjusted to PM-Timer: 6270543 (6436349)
[    1.271717] smpboot: CPU0: Intel(R) Core(TM) i9-9880H CPU @ 2.30GHz (family: 0x6, model: 0x9e, stepping: 0xd)
[    1.278361] Performance Events: unsupported p6 CPU model 158 no PMU driver, software events only.
[    1.349665] KVM setup paravirtual spinlock
[    1.353148] x86: Booting SMP configuration:
[    1.355822] .... node  #0, CPUs:      #1
[    1.359801] kvm-clock: cpu 1, msr 1:1ffef041, secondary cpu clock
[    1.364223] mce: CPU supports 0 MCE banks
[    1.367827] x86: Booted up 1 node, 2 CPUs
[    1.371140] smpboot: Total of 2 processors activated (9237.43 BogoMIPS)
[    1.376553] devtmpfs: initialized
[    1.380889] evm: security.selinux
[    1.383026] evm: security.SMACK64
[    1.385183] evm: security.SMACK64EXEC
[    1.387483] evm: security.SMACK64TRANSMUTE
[    1.390151] evm: security.SMACK64MMAP
[    1.392435] evm: security.ima
[    1.394426] evm: security.capability
[    1.397096] clocksource: jiffies: mask: 0xffffffff max_cycles: 0xffffffff, max_idle_ns: 7645041785100000 ns
[    1.402819] futex hash table entries: 512 (order: 3, 32768 bytes)
[    1.406669] pinctrl core: initialized pinctrl subsystem
[    1.410558] RTC time: 11:05:41, date: 07/07/23
[    1.413546] NET: Registered protocol family 16
[    1.428735] cpuidle: using governor ladder
[    1.441374] cpuidle: using governor menu
[    1.444683] PCCT header not found.
[    1.447245] ACPI: bus type PCI registered
[    1.450026] acpiphp: ACPI Hot Plug PCI Controller Driver version: 0.5
[    1.454457] PCI: Using configuration type 1 for base access
[    1.476247] ACPI: Added _OSI(Module Device)
[    1.479085] ACPI: Added _OSI(Processor Device)
[    1.482020] ACPI: Added _OSI(3.0 _SCP Extensions)
[    1.484854] ACPI: Added _OSI(Processor Aggregator Device)
[    1.488893] ACPI: Executed 1 blocks of module-level executable AML code
[    1.496111] ACPI: Interpreter enabled
[    1.498394] ACPI: (supports S0 S5)
[    1.501196] ACPI: Using IOAPIC for interrupt routing
[    1.504512] PCI: Using host bridge windows from ACPI; if necessary, use "pci=nocrs" and report a bug
[    1.516029] ACPI: PCI Root Bridge [PCI0] (domain 0000 [bus 00-ff])
[    1.519619] acpi PNP0A03:00: _OSC: OS supports [ASPM ClockPM Segments MSI]
[    1.524997] acpi PNP0A03:00: _OSC: not requesting OS control; OS requires [ExtendedConfig ASPM ClockPM MSI]
[    1.540548] acpi PNP0A03:00: fail to add MMCONFIG information, can't access extended PCI configuration space under this bridge.
[    1.547360] PCI host bridge to bus 0000:00
[    1.549914] pci_bus 0000:00: root bus resource [io  0x0000-0x0cf7 window]
[    1.553795] pci_bus 0000:00: root bus resource [io  0x0d00-0xffff window]
[    1.557852] pci_bus 0000:00: root bus resource [mem 0x000a0000-0x000bffff window]
[    1.562216] pci_bus 0000:00: root bus resource [mem 0xe0000000-0xfdffffff window]
[    1.566619] pci_bus 0000:00: root bus resource [bus 00-ff]
[    1.574635] pci 0000:00:01.1: legacy IDE quirk: reg 0x10: [io  0x01f0-0x01f7]
[    1.578745] pci 0000:00:01.1: legacy IDE quirk: reg 0x14: [io  0x03f6]
[    1.583117] pci 0000:00:01.1: legacy IDE quirk: reg 0x18: [io  0x0170-0x0177]
[    1.587183] pci 0000:00:01.1: legacy IDE quirk: reg 0x1c: [io  0x0376]
[    1.643646] pci 0000:00:07.0: quirk: [io  0x4000-0x403f] claimed by PIIX4 ACPI
[    1.648068] pci 0000:00:07.0: quirk: [io  0x4100-0x410f] claimed by PIIX4 SMB
[    1.672446] ACPI: PCI Interrupt Link [LNKA] (IRQs 5 9 10 *11)
[    1.679381] ACPI: PCI Interrupt Link [LNKB] (IRQs 5 9 *10 11)
[    1.686220] ACPI: PCI Interrupt Link [LNKC] (IRQs 5 *9 10 11)
[    1.692443] ACPI: PCI Interrupt Link [LNKD] (IRQs 5 9 10 *11)
[    1.698647] ACPI: Enabled 2 GPEs in block 00 to 07
[    1.703224] vgaarb: setting as boot device: PCI:0000:00:02.0
[    1.706481] vgaarb: device added: PCI:0000:00:02.0,decodes=io+mem,owns=io+mem,locks=none
[    1.711120] vgaarb: loaded
[    1.712949] vgaarb: bridge control possible 0000:00:02.0
[    1.716317] SCSI subsystem initialized
[    1.719081] ACPI: bus type USB registered
[    1.721967] usbcore: registered new interface driver usbfs
[    1.725266] usbcore: registered new interface driver hub
[    1.728387] usbcore: registered new device driver usb
[    1.732231] PCI: Using ACPI for IRQ routing
[    1.735370] NetLabel: Initializing
[    1.737619] NetLabel:  domain hash size = 128
[    1.740257] NetLabel:  protocols = UNLABELED CIPSOv4
[    1.743274] NetLabel:  unlabeled traffic allowed by default
[    1.746808] amd_nb: Cannot enumerate AMD northbridges
[    1.750293] clocksource: Switched to clocksource kvm-clock
[    1.761816] AppArmor: AppArmor Filesystem Enabled
[    1.764707] pnp: PnP ACPI init
[    1.768285] pnp: PnP ACPI: found 3 devices
[    1.786568] clocksource: acpi_pm: mask: 0xffffff max_cycles: 0xffffff, max_idle_ns: 2085701024 ns
[    1.791654] NET: Registered protocol family 2
[    1.794642] TCP established hash table entries: 32768 (order: 6, 262144 bytes)
[    1.798979] TCP bind hash table entries: 32768 (order: 7, 524288 bytes)
[    1.803729] TCP: Hash tables configured (established 32768 bind 32768)
[    1.807604] UDP hash table entries: 2048 (order: 4, 65536 bytes)
[    1.811217] UDP-Lite hash table entries: 2048 (order: 4, 65536 bytes)
[    1.815105] NET: Registered protocol family 1
[    1.818038] pci 0000:00:00.0: Limiting direct PCI/PCI transfers
[    1.821764] pci 0000:00:01.0: Activating ISA DMA hang workarounds
[    1.825710] Unpacking initramfs...
[    2.057595] Freeing initrd memory: 15436K
[    2.062345] PCI-DMA: Using software bounce buffering for IO (SWIOTLB)
[    2.065893] software IO TLB: mapped [mem 0xdbff0000-0xdfff0000] (64MB)
[    2.069639] clocksource: tsc: mask: 0xffffffffffffffff max_cycles: 0x2149bd4786f, max_idle_ns: 440795218094 ns
[    2.075202] platform rtc_cmos: registered platform RTC device (no PNP device found)
[    2.079661] Scanning for low memory corruption every 60 seconds
[    2.084100] audit: initializing netlink subsys (disabled)
[    2.087327] audit: type=2000 audit(1688727946.596:1): initialized
[    2.091094] Initialise system trusted keyring
[    2.094343] HugeTLB registered 2 MB page size, pre-allocated 0 pages
[    2.099455] zbud: loaded
[    2.102168] VFS: Disk quotas dquot_6.6.0
[    2.104810] VFS: Dquot-cache hash table entries: 512 (order 0, 4096 bytes)
[    2.109085] squashfs: version 4.0 (2009/01/31) Phillip Lougher
[    2.112928] fuse init (API version 7.23)
[    2.115620] Key type big_key registered
[    2.118031] Allocating IMA MOK and blacklist keyrings.
[    2.124696] Key type asymmetric registered
[    2.127284] Asymmetric key parser 'x509' registered
[    2.130264] Block layer SCSI generic (bsg) driver version 0.4 loaded (major 249)
[    2.135091] io scheduler noop registered
[    2.137747] io scheduler deadline registered (default)
[    2.140914] io scheduler cfq registered
[    2.143448] pci_hotplug: PCI Hot Plug PCI Core version: 0.5
[    2.146797] pciehp: PCI Express Hot Plug Controller Driver version: 0.4
[    2.150982] ACPI: AC Adapter [AC] (on-line)
[    2.153618] input: Power Button as /devices/LNXSYSTM:00/LNXPWRBN:00/input/input0
[    2.158112] ACPI: Power Button [PWRF]
[    2.161143] input: Sleep Button as /devices/LNXSYSTM:00/LNXSLPBN:00/input/input1
[    2.165495] ACPI: Sleep Button [SLPF]
[    2.168246] GHES: HEST is not enabled!
[    2.170097] ACPI: Battery Slot [BAT0] (battery present)
[    2.174979] Serial: 8250/16550 driver, 32 ports, IRQ sharing enabled
[    2.204348] 00:02: ttyS0 at I/O 0x3f8 (irq = 4, base_baud = 115200) is a 16550A
[    2.214858] Linux agpgart interface v0.103
[    2.220697] loop: module loaded
[    2.224084] scsi host0: ata_piix
[    2.226937] scsi host1: ata_piix
[    2.229123] ata1: PATA max UDMA/33 cmd 0x1f0 ctl 0x3f6 bmdma 0xd000 irq 14
[    2.233055] ata2: PATA max UDMA/33 cmd 0x170 ctl 0x376 bmdma 0xd008 irq 15
[    2.237183] libphy: Fixed MDIO Bus: probed
[    2.240603] tun: Universal TUN/TAP device driver, 1.6
[    2.243628] tun: (C) 1999-2004 Max Krasnyansky <maxk@qualcomm.com>
[    2.247709] PPP generic driver version 2.4.2
[    2.250791] ehci_hcd: USB 2.0 'Enhanced' Host Controller (EHCI) Driver
[    2.254550] ehci-pci: EHCI PCI platform driver
[    2.257302] ehci-platform: EHCI generic platform driver
[    2.260395] ohci_hcd: USB 1.1 'Open' Host Controller (OHCI) Driver
[    2.263925] ohci-pci: OHCI PCI platform driver
[    2.266563] ohci-platform: OHCI generic platform driver
[    2.269670] uhci_hcd: USB Universal Host Controller Interface driver
[    2.273354] i8042: PNP: PS/2 Controller [PNP0303:PS2K,PNP0f03:PS2M] at 0x60,0x64 irq 1,12
[    2.280117] serio: i8042 KBD port at 0x60,0x64 irq 1
[    2.283048] serio: i8042 AUX port at 0x60,0x64 irq 12
[    2.286902] mousedev: PS/2 mouse device common for all mice
[    2.291548] input: AT Translated Set 2 keyboard as /devices/platform/i8042/serio0/input/input2
[    2.297796] rtc_cmos rtc_cmos: rtc core: registered rtc_cmos as rtc0
[    2.301752] rtc_cmos rtc_cmos: alarms up to one day, 114 bytes nvram
[    2.305373] i2c /dev entries driver
[    2.307636] device-mapper: uevent: version 1.0.3
[    2.310524] device-mapper: ioctl: 4.34.0-ioctl (2015-10-28) initialised: dm-devel@redhat.com
[    2.315282] ledtrig-cpu: registered to indicate activity on CPUs
[    2.319374] NET: Registered protocol family 10
[    2.322749] NET: Registered protocol family 17
[    2.325586] Key type dns_resolver registered
[    2.328975] registered taskstats version 1
[    2.331587] Loading compiled-in X.509 certificates
[    2.334971] Loaded X.509 cert 'Build time autogenerated kernel key: cf00e047681d67edb2720680708b7d9498083038'
[    2.340532] zswap: loaded using pool lzo/zbud
[    2.345980] Key type trusted registered
[    2.352252] Key type encrypted registered
[    2.354974] AppArmor: AppArmor sha1 policy hashing enabled
[    2.358072] ima: No TPM chip found, activating TPM-bypass!
[    2.361232] ima: Allocated hash algorithm: sha1
[    2.363951] evm: HMAC attrs: 0x1
[    2.367336]   Magic number: 15:210:74
[    2.369911] rtc_cmos rtc_cmos: setting system clock to 2023-07-07 11:05:42 UTC (1688727942)
[    2.374824] BIOS EDD facility v0.16 2004-Jun-25, 0 devices found
[    2.378325] EDD information not available.
[    2.441263] Freeing unused kernel memory: 1492K
[    2.444065] Write protecting the kernel read-only data: 14336k
[    2.447974] Freeing unused kernel memory: 1584K
[    2.450916] Freeing unused kernel memory: 52K
Loading, please wait...
starting version 229
[    2.468497] random: systemd-udevd: uninitialized urandom read (16 bytes read, 5 bits of entropy available)
[    2.469127] random: udevadm: uninitialized urandom read (16 bytes read, 5 bits of entropy available)
[    2.469149] random: udevadm: uninitialized urandom read (16 bytes read, 5 bits of entropy available)
[    2.481389] random: udevadm: uninitialized urandom read (16 bytes read, 5 bits of entropy available)
[    2.481446] random: udevadm: uninitialized urandom read (16 bytes read, 5 bits of entropy available)
[    2.481643] random: udevadm: uninitialized urandom read (16 bytes read, 5 bits of entropy available)
[    2.481718] random: udevadm: uninitialized urandom read (16 bytes read, 5 bits of entropy available)
[    2.481801] random: udevadm: uninitialized urandom read (16 bytes read, 5 bits of entropy available)
[    2.481875] random: udevadm: uninitialized urandom read (16 bytes read, 5 bits of entropy available)
[    2.481949] random: udevadm: uninitialized urandom read (16 bytes read, 5 bits of entropy available)
[    2.554356] Fusion MPT base driver 3.04.20
[    2.558236] Copyright (c) 1999-2008 LSI Corporation
[    2.576849] e1000: Intel(R) PRO/1000 Network Driver - version 7.3.21-k8-NAPI
[    2.581911] e1000: Copyright (c) 1999-2006 Intel Corporation.
[    2.605222] AVX2 version of gcm_enc/dec engaged.
[    2.608010] AES CTR mode by8 optimization enabled
[    2.625039] Fusion MPT SPI Host driver 3.04.20
[    2.812523] input: ImExPS/2 Generic Explorer Mouse as /devices/platform/i8042/serio1/input/input4
[    3.061200] e1000 0000:00:03.0 eth0: (PCI:33MHz:32-bit) 02:dc:27:67:22:a8
[    3.075455] e1000 0000:00:03.0 eth0: Intel(R) PRO/1000 Network Connection
[    3.081339] mptbase: ioc0: Initiating bringup
[    3.154423] ioc0: LSI53C1030 A0: Capabilities={Initiator}
[    3.324896] scsi host2: ioc0: LSI53C1030 A0, FwRev=00000000h, Ports=1, MaxQ=256, IRQ=20
[    3.444769] scsi 2:0:0:0: Direct-Access     VBOX     HARDDISK         1.0  PQ: 0 ANSI: 5
[    3.453220] scsi target2:0:0: Beginning Domain Validation
[    3.460499] scsi target2:0:0: Domain Validation skipping write tests
[    3.465137] scsi target2:0:0: Ending Domain Validation
[    3.468952] scsi target2:0:0: asynchronous
[    3.473033] scsi 2:0:1:0: Direct-Access     VBOX     HARDDISK         1.0  PQ: 0 ANSI: 5
[    3.478690] scsi target2:0:1: Beginning Domain Validation
[    3.485162] scsi target2:0:1: Domain Validation skipping write tests
[    3.489667] scsi target2:0:1: Ending Domain Validation
[    3.493270] scsi target2:0:1: asynchronous
[    3.528771] sd 2:0:0:0: [sda] 41943040 512-byte logical blocks: (21.5 GB/20.0 GiB)
[    3.534145] sd 2:0:0:0: [sda] Write Protect is off
[    3.537536] sd 2:0:0:0: Attached scsi generic sg0 type 0
[    3.541392] sd 2:0:1:0: Attached scsi generic sg1 type 0
[    3.545318] sd 2:0:1:0: [sdb] 20480 512-byte logical blocks: (10.5 MB/10.0 MiB)
[    3.550294] sd 2:0:0:0: [sda] Incomplete mode parameter data
[    3.554001] sd 2:0:0:0: [sda] Assuming drive cache: write through
[    3.558168] sd 2:0:1:0: [sdb] Write Protect is off
[    3.561513] sd 2:0:1:0: [sdb] Incomplete mode parameter data
[    3.565039] sd 2:0:1:0: [sdb] Assuming drive cache: write through
[    3.574044]  sda: sda1
[    3.577156] sd 2:0:0:0: [sda] Attached SCSI disk
[    3.582809] sd 2:0:1:0: [sdb] Attached SCSI disk
[    3.911577] e1000 0000:00:08.0 eth1: (PCI:33MHz:32-bit) 08:00:27:5e:08:d6
[    3.916082] e1000 0000:00:08.0 eth1: Intel(R) PRO/1000 Network Connection
[    3.922375] e1000 0000:00:03.0 enp0s3: renamed from eth0
[    3.938972] e1000 0000:00:08.0 enp0s8: renamed from eth1
Begin: Loading essential drivers ... [    5.479220] md: linear personality registered for level -1
[    5.485550] md: multipath personality registered for level -4
[    5.491133] md: raid0 personality registered for level 0
[    5.501533] md: raid1 personality registered for level 1
[    5.632386] raid6: sse2x1   gen() 23843 MB/s
[    5.825598] raid6: sse2x1   xor()  9885 MB/s
[    5.946070] raid6: sse2x2   gen() 32343 MB/s
[    6.101222] raid6: sse2x2   xor() 28674 MB/s
[    6.341361] raid6: sse2x4   gen() 53135 MB/s
[    6.611374] raid6: sse2x4   xor() 51044 MB/s
[    6.844970] raid6: avx2x1   gen() 93544 MB/s
[    7.760631] raid6: avx2x2   gen() 287700 MB/s
[    8.029941] raid6: avx2x4   gen() 154617 MB/s
[    8.033890] raid6: using algorithm avx2x2 gen() 287700 MB/s
[    8.037947] raid6: using avx2x2 recovery algorithm
[    8.043943] xor: automatically using best checksumming function:
[    8.086327]    avx       :  9009.000 MB/sec
[    8.091438] async_tx: api initialized (async)
[    8.114007] md: raid6 personality registered for level 6
[    8.117657] md: raid5 personality registered for level 5
[    8.120788] md: raid4 personality registered for level 4
[    8.136131] md: raid10 personality registered for level 10
done.
Begin: Running /scripts/init-premount ... done.
Begin: Mounting root file system ... Begin: Running /scripts/local-top ... done.
Begin: Running /scripts/local-premount ... [    8.196140] Btrfs loaded
Scanning for Btrfs filesystems
done.
Warning: fsck not present, so skipping root file system
[    8.269640] EXT4-fs (sda1): mounted filesystem with ordered data mode. Opts: (null)
done.
Begin: Running /scripts/local-bottom ... done.
Begin: Running /scripts/init-bottom ... done.
[    8.710710] systemd[1]: systemd 229 running in system mode. (+PAM +AUDIT +SELINUX +IMA +APPARMOR +SMACK +SYSVINIT +UTMP +LIBCRYPTSETUP +GCRYPT +GNUTLS +ACL +XZ -LZ4 +SECCOMP +BLKID +ELFUTILS +KMOD -IDN)
[    8.720748] systemd[1]: Detected virtualization oracle.
[    8.723859] systemd[1]: Detected architecture x86-64.

Welcome to [1mUbuntu 16.04.6 LTS[0m!

[    8.751340] systemd[1]: Set hostname to <monitoring>.
[    9.130826] random: nonblocking pool is initialized
[    9.262444] systemd[1]: Listening on Syslog Socket.
[[0;32m  OK  [0m] Listening on Syslog Socket.
[    9.267792] systemd[1]: Listening on Journal Audit Socket.
[[0;32m  OK  [0m] Listening on Journal Audit Socket.
[    9.273428] systemd[1]: Reached target Encrypted Volumes.
[[0;32m  OK  [0m] Reached target Encrypted Volumes.
[    9.279058] systemd[1]: Listening on Device-mapper event daemon FIFOs.
[[0;32m  OK  [0m] Listening on Device-mapper event daemon FIFOs.
[    9.286028] systemd[1]: Set up automount Arbitrary Executable File Formats File System Automount Point.
[[0;32m  OK  [0m] Set up automount Arbitrary Executab...ats File System Automount Point.
[    9.294802] systemd[1]: Reached target System Time Synchronized.
[[0;32m  OK  [0m] Reached target System Time Synchronized.
[    9.301011] systemd[1]: Created slice System Slice.
[[0;32m  OK  [0m] Created slice System Slice.
[    9.306565] systemd[1]: Created slice system-serial\x2dgetty.slice.
[[0;32m  OK  [0m] Created slice system-serial\x2dgetty.slice.
[    9.312858] systemd[1]: Listening on Journal Socket (/dev/log).
[[0;32m  OK  [0m] Listening on Journal Socket (/dev/log).
[    9.318891] systemd[1]: Started Forward Password Requests to Wall Directory Watch.
[[0;32m  OK  [0m] Started Forward Password Requests to Wall Directory Watch.
[    9.326845] systemd[1]: Reached target User and Group Name Lookups.
[[0;32m  OK  [0m] Reached target User and Group Name Lookups.
[    9.333514] systemd[1]: Listening on LVM2 poll daemon socket.
[[0;32m  OK  [0m] Listening on LVM2 poll daemon socket.
[    9.339659] systemd[1]: Listening on LVM2 metadata daemon socket.
[[0;32m  OK  [0m] Listening on LVM2 metadata daemon socket.
[    9.345798] systemd[1]: Started Trigger resolvconf update for networkd DNS.
[[0;32m  OK  [0m] Started Trigger resolvconf update for networkd DNS.
[    9.352790] systemd[1]: Listening on Journal Socket.
[[0;32m  OK  [0m] Listening on Journal Socket.
[    9.370524] systemd[1]: Mounting Debug File System...
         Mounting Debug File System...
[    9.379835] systemd[1]: Starting Remount Root and Kernel File Systems...
         Starting Remount Root and Kernel File Systems...
[    9.388399] systemd[1]: Starting Create list of required static device nodes for the current kernel...
         Starting Create list of required st... nodes for the current kernel...
[    9.405901] EXT4-fs (sda1): re-mounted. Opts: (null)
[    9.406330] systemd[1]: Starting Load Kernel Modules...
         Starting Load Kernel Modules...
[    9.416739] systemd[1]: Mounting POSIX Message Queue File System...
         Mounting POSIX Message Queue File System...
[    9.424100] systemd[1]: Starting Uncomplicated firewall...
         Starting Uncomplicated firewall...
[    9.431384] systemd[1]: Starting Set console keymap...
[    9.435281] Loading iSCSI transport class v2.0-870.
         Starting Set console keymap...
[    9.443218] systemd[1]: Starting Monitoring of LVM2 mirrors, snapshots etc. using dmeventd or progress polling...
         Starting Monitoring of LVM2 mirrors... dmeventd or progress polling...
[    9.453746] systemd[1]: Starting Journal Service...
         Starting Journal Service...
[    9.460951] systemd[1]: Listening on udev Control Socket.
[[0;32m  OK  [0m] Listening on udev Control Socket.
[    9.471968] systemd[1]: Mounting Huge Pages File System...
         Mounting Huge Pages File System...
[    9.478582] systemd[1]: Created slice User and Session Slice.
[    9.482849] iscsi: registered transport (tcp)
[[0;32m  OK  [0m] Created slice User and Session Slice.
[    9.489170] systemd[1]: Reached target Slices.
[[0;32m  OK  [0m] Reached target Slices.
[    9.495883] systemd[1]: Reached target Swap.
[[0;32m  OK  [0m] Reached target Swap.
[    9.502564] systemd[1]: Starting Nameserver information manager...
         Starting Nameserver information manager...
[    9.510413] systemd[1]: Listening on udev Kernel Socket.
[[0;32m  OK  [0m] Listening on udev Kernel Socket.
[    9.516882] systemd[1]: Listening on /dev/initctl Compatibility Named Pipe.
[[0;32m  OK  [0m] Listening on /dev/initctl Compatibility Named Pipe.
[    9.526636] systemd[1]: Mounted POSIX Message Queue File System.
[[0;32m  OK  [0m] Mounted POSIX Message Queue File System.
[    9.534532] systemd[1]: Mounted Debug File System.
[[0;32m  OK  [0m] Mounted Debug File System.
[    9.541359] systemd[1]: Mounted Huge Pages File System.
[[0;32m  OK  [0m] Mounted Huge Pages File System.
[    9.550159] systemd[1]: Started Remount Root and Kernel File Systems.
[[0;32m  OK  [0m] Started Remount Root and Kernel File Systems.
[    9.561593] systemd[1]: Started Create list of required static device nodes for the current kernel.
[[0;32m  OK  [0m] Started Create list of required sta...ce nodes for the current kernel.
[    9.573508] systemd[1]: Started Uncomplicated firewall.
[[0;32m  OK  [0m] Started Uncomplicated firewall.
[    9.581888] systemd[1]: Started Set console keymap.
[[0;32m  OK  [0m] Started Set console keymap.
[    9.599078] systemd[1]: Started Journal Service.
[[0;32m  OK  [0m] Started Journal Service.
[[0;32m  OK  [0m] Started Nameserver information manager.
[[0;32m  OK  [0m] Started LVM2 metadata daemon.
[    9.619571] iscsi: registered transport (iser)
         Starting Create Static Device Nodes in /dev...
         Starting Load/Save Random Seed...
         Starting udev Coldplug all Devices...
         Starting Flush Journal to Persistent Storage...
[[0;32m  OK  [0m] Started Load Kernel Modules.
[[0;32m  OK  [0m] Started Load/Save Random Seed.
         Starting Apply Kernel Variables...
         Mounting FUSE Control File System...
[[0;32m  OK  [0m] Mounted FUSE Control File System.
[    9.668563] systemd-journald[398]: Received request to flush runtime journal from PID 1
[[0;32m  OK  [0m] Started Flush Journal to Persistent Storage.
[[0;32m  OK  [0m] Started Apply Kernel Variables.
[[0;32m  OK  [0m] Started udev Coldplug all Devices.
[[0;32m  OK  [0m] Started Create Static Device Nodes in /dev.
         Starting udev Kernel Device Manager...
[[0;32m  OK  [0m] Started udev Kernel Device Manager.
[[0;32m  OK  [0m] Started Dispatch Password Requests to Console Directory Watch.
[[0;32m  OK  [0m] Started Monitoring of LVM2 mirrors,...ng dmeventd or progress polling.
[[0;32m  OK  [0m] Reached target Local File Systems (Pre).
[[0;32m  OK  [0m] Reached target Local File Systems.
         Starting Set console font and keymap...
         Starting LSB: AppArmor initialization...
         Starting Initial cloud-init job (pre-networking)...
         Starting Tell Plymouth To Write Out Runtime Data...
         Starting Create Volatile Files and Directories...
[[0;32m  OK  [0m] Found device /dev/ttyS0.
[[0;32m  OK  [0m] Started Tell Plymouth To Write Out Runtime Data.
[[0;32m  OK  [0m] Listening on Load/Save RF Kill Switch Status /dev/rfkill Watch.
[[0;32m  OK  [0m] Started Create Volatile Files and Directories.
         Starting Update UTMP about System Boot/Shutdown...
[[0;32m  OK  [0m] Started Update UTMP about System Boot/Shutdown.
[[0;32m  OK  [0m] Found device 82540EM Gigabit Ethern...r (PRO/1000 MT Desktop Adapter).
[[0;32m  OK  [0m] Found device 82540EM Gigabit Ethern...r (PRO/1000 MT Desktop Adapter).
[[0;32m  OK  [0m] Started LSB: AppArmor initialization.
         Starting Load AppArmor profiles managed internally by snapd...
[[0;32m  OK  [0m] Started Load AppArmor profiles managed internally by snapd.
[[0;32m  OK  [0m] Started Set console font and keymap.
[[0;32m  OK  [0m] Created slice system-getty.slice.
[   10.861402] cloud-init[494]: Cloud-init v. 19.1-1-gbaa47854-0ubuntu1~16.04.1 running 'init-local' at Fri, 07 Jul 2023 11:05:51 +0000. Up 10.58 seconds.
[[0;32m  OK  [0m] Started Initial cloud-init job (pre-networking).
[[0;32m  OK  [0m] Reached target Network (Pre).
[[0;32m  OK  [0m] Started ifup for enp0s8.
[[0;32m  OK  [0m] Started ifup for enp0s3.
         Starting Raise network interfaces...
[[0;32m  OK  [0m] Started Raise network interfaces.
         Starting Initial cloud-init job (metadata service crawler)...
[[0;32m  OK  [0m] Reached target Network.
[   11.677170] cloud-init[1322]: Cloud-init v. 19.1-1-gbaa47854-0ubuntu1~16.04.1 running 'init' at Fri, 07 Jul 2023 11:05:52 +0000. Up 11.38 seconds.
[   11.681467] cloud-init[1322]: ci-info: ++++++++++++++++++++++++++++++++++++++Net device info++++++++++++++++++++++++++++++++++++++
[   11.685437] cloud-init[1322]: ci-info: +--------+------+----------------------------+---------------+--------+-------------------+
[   11.689163] cloud-init[1322]: ci-info: | Device |  Up  |          Address           |      Mask     | Scope  |     Hw-Address    |
[   11.692988] cloud-init[1322]: ci-info: +--------+------+----------------------------+---------------+--------+-------------------+
[   11.696687] cloud-init[1322]: ci-info: | enp0s3 | True |         10.0.2.15          | 255.255.255.0 | global | 02:dc:27:67:22:a8 |
[   11.700486] cloud-init[1322]: ci-info: | enp0s3 | True | fe80::dc:27ff:fe67:22a8/64 |       .       |  link  | 02:dc:27:67:22:a8 |
[   11.704140] cloud-init[1322]: ci-info: | enp0s8 | True |       192.168.26.11        | 255.255.255.0 | global | 08:00:27:5e:08:d6 |
[   11.707806] cloud-init[1322]: ci-info: | enp0s8 | True | fe80::a00:27ff:fe5e:8d6/64 |       .       |  link  | 08:00:27:5e:08:d6 |
[   11.711640] cloud-init[1322]: ci-info: |   lo   | True |         127.0.0.1          |   255.0.0.0   |  host  |         .         |
[   11.715261] cloud-init[1322]: ci-info: |   lo   | True |          ::1/128           |       .       |  host  |         .         |
[   11.718890] cloud-init[1322]: ci-info: +--------+------+----------------------------+---------------+--------+-------------------+
[   11.722552] cloud-init[1322]: ci-info: ++++++++++++++++++++++++++++Route IPv4 info++++++++++++++++++++++++++++
[   11.725898] cloud-init[1322]: ci-info: +-------+--------------+----------+---------------+-----------+-------+
[   11.729131] cloud-init[1322]: ci-info: | Route | Destination  | Gateway  |    Genmask    | Interface | Flags |
[   11.732350] cloud-init[1322]: ci-info: +-------+--------------+----------+---------------+-----------+-------+
[   11.735592] cloud-init[1322]: ci-info: |   0   |   0.0.0.0    | 10.0.2.2 |    0.0.0.0    |   enp0s3  |   UG  |
[   11.738820] cloud-init[1322]: ci-info: |   1   |   10.0.2.0   | 0.0.0.0  | 255.255.255.0 |   enp0s3  |   U   |
[   11.742072] cloud-init[1322]: ci-info: |   2   | 192.168.26.0 | 0.0.0.0  | 255.255.255.0 |   enp0s8  |   U   |
[   11.745776] cloud-init[1322]: ci-info: +-------+--------------+----------+---------------+-----------+-------+
[   11.749383] cloud-init[1322]: ci-info: +++++++++++++++++++Route IPv6 info+++++++++++++++++++
[   11.752444] cloud-init[1322]: ci-info: +-------+-------------+---------+-----------+-------+
[   11.755373] cloud-init[1322]: ci-info: | Route | Destination | Gateway | Interface | Flags |
[   11.758350] cloud-init[1322]: ci-info: +-------+-------------+---------+-----------+-------+
[   11.761310] cloud-init[1322]: ci-info: |   0   |  fe80::/64  |    ::   |   enp0s8  |   U   |
[   11.764287] cloud-init[1322]: ci-info: |   1   |  fe80::/64  |    ::   |   enp0s3  |   U   |
[   11.767218] cloud-init[1322]: ci-info: |   4   |   ff00::/8  |    ::   |   enp0s8  |   U   |
[   11.770174] cloud-init[1322]: ci-info: |   5   |   ff00::/8  |    ::   |   enp0s3  |   U   |
[   11.773148] cloud-init[1322]: ci-info: +-------+-------------+---------+-----------+-------+
[[0;32m  OK  [0m] Started Initial cloud-init job (metadata service crawler).
[[0;32m  OK  [0m] Reached target Network is Online.
         Starting iSCSI initiator daemon (iscsid)...
[[0;32m  OK  [0m] Reached target System Initialization.
[[0;32m  OK  [0m] Listening on UUID daemon activation socket.
[[0;32m  OK  [0m] Started Daily Cleanup of Temporary Directories.
         Starting Docker Socket for the API.
[[0;32m  OK  [0m] Started ACPI Events Check.
[[0;32m  OK  [0m] Reached target Paths.
         Starting Socket activation for snappy daemon.
[[0;32m  OK  [0m] Started Daily apt download activities.
[[0;32m  OK  [0m] Started Daily apt upgrade and clean activities.
[[0;32m  OK  [0m] Reached target Timers.
         Starting LXD - unix socket.
[[0;32m  OK  [0m] Listening on D-Bus System Message Bus Socket.
[[0;32m  OK  [0m] Listening on ACPID Listen Socket.
[[0;32m  OK  [0m] Reached target Cloud-config availability.
[[0;32m  OK  [0m] Listening on Docker Socket for the API.
[[0;32m  OK  [0m] Listening on Socket activation for snappy daemon.
[[0;32m  OK  [0m] Listening on LXD - unix socket.
[[0;32m  OK  [0m] Reached target Sockets.
[[0;32m  OK  [0m] Reached target Basic System.
[[0;32m  OK  [0m] Started D-Bus System Message Bus.
         Starting LSB: MD monitoring daemon...
         Starting Virtualbox guest utils...
         Starting LXD - container startup/shutdown...
         Starting Ubuntu FAN network setup...
         Starting LSB: Record successful boot for GRUB...
         Starting OpenBSD Secure Shell server...
         Starting /etc/rc.local Compatibility...
         Starting System Logging Service...
         Starting Snap Daemon...
[[0;32m  OK  [0m] Started Deferred execution scheduler.
         Starting containerd container runtime...
[[0;32m  OK  [0m] Started FUSE filesystem for LXC.
         Starting Accounts Service...
[[0;32m  OK  [0m] Started Regular background program processing daemon.
         Starting Login Service...
[[0;32m  OK  [0m] Started ACPI event daemon.
[[0;32m  OK  [0m] Started iSCSI initiator daemon (iscsid).
[[0;32m  OK  [0m] Started Ubuntu FAN network setup.
[[0;32m  OK  [0m] Started /etc/rc.local Compatibility.
[[0;32m  OK  [0m] Started containerd container runtime.
         Starting Docker Application Container Engine...
         Starting Login to default iSCSI targets...
[[0;32m  OK  [0m] Started Login Service.
[[0;32m  OK  [0m] Started Unattended Upgrades Shutdown.
[[0;32m  OK  [0m] Started LSB: Record successful boot for GRUB.
[[0;32m  OK  [0m] Started LSB: MD monitoring daemon.
[[0;32m  OK  [0m] Started Login to default iSCSI targets.
[[0;32m  OK  [0m] Reached target Remote File Systems (Pre).
[[0;32m  OK  [0m] Reached target Remote File Systems.
         Starting LSB: automatic crash report generation...
         Starting LSB: daemon to balance interrupts for SMP systems...
         Starting Permit User Sessions...
         Starting LSB: Set up cgroupfs mounts....
         Starting LSB: Set the CPU Frequency Scaling governor to "ondemand"...
[[0;32m  OK  [0m] Started LSB: Set the CPU Frequency Scaling governor to "ondemand".
[[0;32m  OK  [0m] Started System Logging Service.
[[0;32m  OK  [0m] Started Permit User Sessions.
         Starting Terminate Plymouth Boot Screen...
         Starting Hold until boot process finishes up...
[[0;32m  OK  [0m] Started LSB: Set up cgroupfs mounts..
[[0;32m  OK  [0m] Started Hold until boot process finishes up.
         Starting Set console scheme...
[[0;32m  OK  [0m] Started Getty on tty1.
[[0;32m  OK  [0m] Started Serial Getty on ttyS0.
[[0;32m  OK  [0m] Reached target Login Prompts.
[[0;32m  OK  [0m] Started Terminate Plymouth Boot Screen.
[[0;32m  OK  [0m] Started Set console scheme.
[[0;32m  OK  [0m] Started LSB: daemon to balance interrupts for SMP systems.
[[0;32m  OK  [0m] Started LSB: automatic crash report generation.
[[0;32m  OK  [0m] Started Virtualbox guest utils.
[[0;32m  OK  [0m] Started OpenBSD Secure Shell server.
         Starting Authenticate and Authorize Users to Run Privileged Tasks...
[[0;32m  OK  [0m] Started Authenticate and Authorize Users to Run Privileged Tasks.
[[0;32m  OK  [0m] Started Accounts Service.
[[0;32m  OK  [0m] Started LXD - container startup/shutdown.
[[0;32m  OK  [0m] Started Snap Daemon.
         Starting Wait until snapd is fully seeded...
[[0;32m  OK  [0m] Started Wait until snapd is fully seeded.
         Starting Apply the settings specified in cloud-config...
[   15.595727] cloud-init[1602]: Cloud-init v. 19.1-1-gbaa47854-0ubuntu1~16.04.1 running 'modules:config' at Fri, 07 Jul 2023 11:05:56 +0000. Up 15.44 seconds.
[[0;32m  OK  [0m] Started Apply the settings specified in cloud-config.
[[0;32m  OK  [0m] Started Docker Application Container Engine.
[[0;32m  OK  [0m] Reached target Multi-User System.
[[0;32m  OK  [0m] Reached target Graphical Interface.
         Starting Execute cloud user/final scripts...
         Starting Update UTMP about System Runlevel Changes...
[[0;32m  OK  [0m] Started Update UTMP about System Runlevel Changes.
[   17.090928] cloud-init[1810]: Cloud-init v. 19.1-1-gbaa47854-0ubuntu1~16.04.1 running 'modules:final' at Fri, 07 Jul 2023 11:05:58 +0000. Up 17.00 seconds.
[   17.096211] cloud-init[1810]: Cloud-init v. 19.1-1-gbaa47854-0ubuntu1~16.04.1 finished at Fri, 07 Jul 2023 11:05:58 +0000. Datasource DataSourceNoCloud [seed=/dev/sdb][dsmode=net].  Up 17.08 seconds
[[0;32m  OK  [0m] Started Execute cloud user/final scripts.
[[0;32m  OK  [0m] Reached target Cloud-init target.
         Starting Daily apt download activities...

Ubuntu 16.04.6 LTS monitoring ttyS0

monitoring login: 