[    0.000000] Initializing cgroup subsys cpuset
[    0.000000] Initializing cgroup subsys cpu
[    0.000000] Initializing cgroup subsys cpuacct
[    0.000000] Linux version 4.4.0-210-generic (buildd@lgw01-amd64-009) (gcc version 5.4.0 20160609 (Ubuntu 5.4.0-6ubuntu1~16.04.12) ) #242-Ubuntu SMP Fri Apr 16 09:57:56 UTC 2021 (Ubuntu 4.4.0-210.242-generic 4.4.262)
[    0.000000] Command line: BOOT_IMAGE=/boot/vmlinuz-4.4.0-210-generic root=UUID=803a7da5-aa4e-4ca7-bfc1-40681fb9875c ro console=tty1 console=ttyS0
[    0.000000] KERNEL supported cpus:
[    0.000000]   Intel GenuineIntel
[    0.000000]   AMD AuthenticAMD
[    0.000000]   Centaur CentaurHauls
[    0.000000] x86/fpu: xstate_offset[2]:  576, xstate_sizes[2]:  256
[    0.000000] x86/fpu: Supporting XSAVE feature 0x01: 'x87 floating point registers'
[    0.000000] x86/fpu: Supporting XSAVE feature 0x02: 'SSE registers'
[    0.000000] x86/fpu: Supporting XSAVE feature 0x04: 'AVX registers'
[    0.000000] x86/fpu: Enabled xstate features 0x7, context size is 832 bytes, using 'standard' format.
[    0.000000] e820: BIOS-provided physical RAM map:
[    0.000000] BIOS-e820: [mem 0x0000000000000000-0x000000000009fbff] usable
[    0.000000] BIOS-e820: [mem 0x000000000009fc00-0x000000000009ffff] reserved
[    0.000000] BIOS-e820: [mem 0x00000000000f0000-0x00000000000fffff] reserved
[    0.000000] BIOS-e820: [mem 0x0000000000100000-0x00000000dffeffff] usable
[    0.000000] BIOS-e820: [mem 0x00000000dfff0000-0x00000000dfffffff] ACPI data
[    0.000000] BIOS-e820: [mem 0x00000000fec00000-0x00000000fec00fff] reserved
[    0.000000] BIOS-e820: [mem 0x00000000fee00000-0x00000000fee00fff] reserved
[    0.000000] BIOS-e820: [mem 0x00000000fffc0000-0x00000000ffffffff] reserved
[    0.000000] BIOS-e820: [mem 0x0000000100000000-0x000000011fffffff] usable
[    0.000000] NX (Execute Disable) protection: active
[    0.000000] SMBIOS 2.5 present.
[    0.000000] Hypervisor detected: KVM
[    0.000000] e820: last_pfn = 0x120000 max_arch_pfn = 0x400000000
[    0.000000] MTRR: Disabled
[    0.000000] x86/PAT: MTRRs disabled, skipping PAT initialization too.
[    0.000000] CPU MTRRs all blank - virtualized system.
[    0.000000] x86/PAT: Configuration [0-7]: WB  WT  UC- UC  WB  WT  UC- UC  
[    0.000000] e820: last_pfn = 0xdfff0 max_arch_pfn = 0x400000000
[    0.000000] found SMP MP-table at [mem 0x0009fff0-0x0009ffff] mapped at [ffff88000009fff0]
[    0.000000] Scanning 1 areas for low memory corruption
[    0.000000] RAMDISK: [mem 0x361c8000-0x370dbfff]
[    0.000000] ACPI: Early table checksum verification disabled
[    0.000000] ACPI: RSDP 0x00000000000E0000 000024 (v02 VBOX  )
[    0.000000] ACPI: XSDT 0x00000000DFFF0030 00003C (v01 VBOX   VBOXXSDT 00000001 ASL  00000061)
[    0.000000] ACPI: FACP 0x00000000DFFF00F0 0000F4 (v04 VBOX   VBOXFACP 00000001 ASL  00000061)
[    0.000000] ACPI: DSDT 0x00000000DFFF0610 002353 (v02 VBOX   VBOXBIOS 00000002 INTL 20210930)
[    0.000000] ACPI: FACS 0x00000000DFFF0200 000040
[    0.000000] ACPI: FACS 0x00000000DFFF0200 000040
[    0.000000] ACPI: APIC 0x00000000DFFF0240 00005C (v02 VBOX   VBOXAPIC 00000001 ASL  00000061)
[    0.000000] ACPI: SSDT 0x00000000DFFF02A0 00036C (v01 VBOX   VBOXCPUT 00000002 INTL 20210930)
[    0.000000] No NUMA configuration found
[    0.000000] Faking a node at [mem 0x0000000000000000-0x000000011fffffff]
[    0.000000] NODE_DATA(0) allocated [mem 0x11fff7000-0x11fffbfff]
[    0.000000] kvm-clock: Using msrs 4b564d01 and 4b564d00
[    0.000000] kvm-clock: cpu 0, msr 1:1ffef001, primary cpu clock
[    0.000000] kvm-clock: using sched offset of 4369594234 cycles
[    0.000000] clocksource: kvm-clock: mask: 0xffffffffffffffff max_cycles: 0x1cd42e4dffb, max_idle_ns: 881590591483 ns
[    0.000000] Zone ranges:
[    0.000000]   DMA      [mem 0x0000000000001000-0x0000000000ffffff]
[    0.000000]   DMA32    [mem 0x0000000001000000-0x00000000ffffffff]
[    0.000000]   Normal   [mem 0x0000000100000000-0x000000011fffffff]
[    0.000000]   Device   empty
[    0.000000] Movable zone start for each node
[    0.000000] Early memory node ranges
[    0.000000]   node   0: [mem 0x0000000000001000-0x000000000009efff]
[    0.000000]   node   0: [mem 0x0000000000100000-0x00000000dffeffff]
[    0.000000]   node   0: [mem 0x0000000100000000-0x000000011fffffff]
[    0.000000] Initmem setup node 0 [mem 0x0000000000001000-0x000000011fffffff]
[    0.000000] ACPI: PM-Timer IO Port: 0x4008
[    0.000000] IOAPIC[0]: apic_id 2, version 32, address 0xfec00000, GSI 0-23
[    0.000000] ACPI: INT_SRC_OVR (bus 0 bus_irq 0 global_irq 2 dfl dfl)
[    0.000000] ACPI: INT_SRC_OVR (bus 0 bus_irq 9 global_irq 9 low level)
[    0.000000] Using ACPI (MADT) for SMP configuration information
[    0.000000] smpboot: Allowing 2 CPUs, 0 hotplug CPUs
[    0.000000] PM: Registered nosave memory: [mem 0x00000000-0x00000fff]
[    0.000000] PM: Registered nosave memory: [mem 0x0009f000-0x0009ffff]
[    0.000000] PM: Registered nosave memory: [mem 0x000a0000-0x000effff]
[    0.000000] PM: Registered nosave memory: [mem 0x000f0000-0x000fffff]
[    0.000000] PM: Registered nosave memory: [mem 0xdfff0000-0xdfffffff]
[    0.000000] PM: Registered nosave memory: [mem 0xe0000000-0xfebfffff]
[    0.000000] PM: Registered nosave memory: [mem 0xfec00000-0xfec00fff]
[    0.000000] PM: Registered nosave memory: [mem 0xfec01000-0xfedfffff]
[    0.000000] PM: Registered nosave memory: [mem 0xfee00000-0xfee00fff]
[    0.000000] PM: Registered nosave memory: [mem 0xfee01000-0xfffbffff]
[    0.000000] PM: Registered nosave memory: [mem 0xfffc0000-0xffffffff]
[    0.000000] e820: [mem 0xe0000000-0xfebfffff] available for PCI devices
[    0.000000] Booting paravirtualized kernel on KVM
[    0.000000] clocksource: refined-jiffies: mask: 0xffffffff max_cycles: 0xffffffff, max_idle_ns: 7645519600211568 ns
[    0.000000] setup_percpu: NR_CPUS:512 nr_cpumask_bits:512 nr_cpu_ids:2 nr_node_ids:1
[    0.000000] PERCPU: Embedded 33 pages/cpu @ffff88011fc00000 s95192 r8192 d31784 u1048576
[    0.000000] Built 1 zonelists in Node order, mobility grouping on.  Total pages: 1032056
[    0.000000] Policy zone: Normal
[    0.000000] Kernel command line: BOOT_IMAGE=/boot/vmlinuz-4.4.0-210-generic root=UUID=803a7da5-aa4e-4ca7-bfc1-40681fb9875c ro console=tty1 console=ttyS0
[    0.000000] PID hash table entries: 4096 (order: 3, 32768 bytes)
[    0.000000] Memory: 4027752K/4193848K available (8644K kernel code, 1332K rwdata, 4044K rodata, 1492K init, 1164K bss, 166096K reserved, 0K cma-reserved)
[    0.000000] SLUB: HWalign=64, Order=0-3, MinObjects=0, CPUs=2, Nodes=1
[    0.000000] Kernel/User page tables isolation: enabled
[    0.000000] Hierarchical RCU implementation.
[    0.000000] 	Build-time adjustment of leaf fanout to 64.
[    0.000000] 	RCU restricting CPUs from NR_CPUS=512 to nr_cpu_ids=2.
[    0.000000] RCU: Adjusting geometry for rcu_fanout_leaf=64, nr_cpu_ids=2
[    0.000000] NR_IRQS:33024 nr_irqs:440 16
[    0.000000] Console: colour VGA+ 80x25
[    0.000000] console [tty1] enabled
[    0.000000] console [ttyS0] enabled
[    0.000000] tsc: Detected 2310.320 MHz processor
[    0.751256] Calibrating delay loop (skipped) preset value.. 4620.64 BogoMIPS (lpj=9241280)
[    0.759370] pid_max: default: 32768 minimum: 301
[    0.763543] ACPI: Core revision 20150930
[    0.768472] ACPI: 2 ACPI AML tables successfully acquired and loaded
[    0.774989] Security Framework initialized
[    0.778789] Yama: becoming mindful.
[    0.782120] AppArmor: AppArmor initialized
[    0.786500] Dentry cache hash table entries: 524288 (order: 10, 4194304 bytes)
[    0.798565] Inode-cache hash table entries: 262144 (order: 9, 2097152 bytes)
[    0.807378] Mount-cache hash table entries: 8192 (order: 4, 65536 bytes)
[    0.813813] Mountpoint-cache hash table entries: 8192 (order: 4, 65536 bytes)
[    0.820405] Initializing cgroup subsys io
[    0.824499] Initializing cgroup subsys memory
[    0.828934] Initializing cgroup subsys devices
[    0.833647] Initializing cgroup subsys freezer
[    0.838646] Initializing cgroup subsys net_cls
[    0.842708] Initializing cgroup subsys perf_event
[    0.846996] Initializing cgroup subsys net_prio
[    0.851153] Initializing cgroup subsys hugetlb
[    0.855213] Initializing cgroup subsys pids
[    0.861529] mce: CPU supports 0 MCE banks
[    0.866324] Last level iTLB entries: 4KB 64, 2MB 8, 4MB 8
[    0.872118] Last level dTLB entries: 4KB 64, 2MB 0, 4MB 0, 1GB 4
[    0.877181] Spectre V1 : Mitigation: usercopy/swapgs barriers and __user pointer sanitization
[    0.885255] Spectre V2 : Mitigation: Full generic retpoline
[    0.890254] Spectre V2 : Spectre v2 / SpectreRSB mitigation: Filling RSB on context switch
[    0.898443] Speculative Store Bypass: Vulnerable
[    0.903005] SRBDS: Unknown: Dependent on hypervisor status
[    0.909467] MDS: Mitigation: Clear CPU buffers
[    0.956670] Freeing SMP alternatives memory: 36K
[    1.049715] ftrace: allocating 32380 entries in 127 pages
[    1.704778] smpboot: APIC(0) Converting physical 0 to logical package 0
[    1.710804] smpboot: Max logical packages: 1
[    1.717715] x2apic enabled
[    1.722816] Switched APIC routing to physical x2apic.
[    1.738258] ..TIMER: vector=0x30 apic1=0 pin1=2 apic2=-1 pin2=-1
[    1.852283] APIC calibration not consistent with PM-Timer: 105ms instead of 100ms
[    1.859383] APIC delta adjusted to PM-Timer: 6445909 (6793979)
[    1.864985] smpboot: CPU0: Intel(R) Core(TM) i9-9880H CPU @ 2.30GHz (family: 0x6, model: 0x9e, stepping: 0xd)
[    1.875572] Performance Events: unsupported p6 CPU model 158 no PMU driver, software events only.
[    1.983117] KVM setup paravirtual spinlock
[    1.988344] x86: Booting SMP configuration:
[    1.992410] .... node  #0, CPUs:      #1
[    1.998329] kvm-clock: cpu 1, msr 1:1ffef041, secondary cpu clock
[    2.004799] mce: CPU supports 0 MCE banks
[    2.009237] x86: Booted up 1 node, 2 CPUs
[    2.013710] smpboot: Total of 2 processors activated (9241.28 BogoMIPS)
[    2.021687] devtmpfs: initialized
[    2.027924] evm: security.selinux
[    2.031285] evm: security.SMACK64
[    2.034667] evm: security.SMACK64EXEC
[    2.038192] evm: security.SMACK64TRANSMUTE
[    2.042131] evm: security.SMACK64MMAP
[    2.045755] evm: security.ima
[    2.048833] evm: security.capability
[    2.052742] clocksource: jiffies: mask: 0xffffffff max_cycles: 0xffffffff, max_idle_ns: 7645041785100000 ns
[    2.061183] futex hash table entries: 512 (order: 3, 32768 bytes)
[    2.066939] pinctrl core: initialized pinctrl subsystem
[    2.072339] RTC time: 13:44:44, date: 07/08/23
[    2.076999] NET: Registered protocol family 16
[    2.096242] cpuidle: using governor ladder
[    2.118149] cpuidle: using governor menu
[    2.123456] PCCT header not found.
[    2.126976] ACPI: bus type PCI registered
[    2.130797] acpiphp: ACPI Hot Plug PCI Controller Driver version: 0.5
[    2.136789] PCI: Using configuration type 1 for base access
[    2.159064] ACPI: Added _OSI(Module Device)
[    2.163293] ACPI: Added _OSI(Processor Device)
[    2.167426] ACPI: Added _OSI(3.0 _SCP Extensions)
[    2.171767] ACPI: Added _OSI(Processor Aggregator Device)
[    2.178019] ACPI: Executed 1 blocks of module-level executable AML code
[    2.188622] ACPI: Interpreter enabled
[    2.192194] ACPI: (supports S0 S5)
[    2.195547] ACPI: Using IOAPIC for interrupt routing
[    2.200460] PCI: Using host bridge windows from ACPI; if necessary, use "pci=nocrs" and report a bug
[    2.217491] ACPI: PCI Root Bridge [PCI0] (domain 0000 [bus 00-ff])
[    2.222839] acpi PNP0A03:00: _OSC: OS supports [ASPM ClockPM Segments MSI]
[    2.229851] acpi PNP0A03:00: _OSC: not requesting OS control; OS requires [ExtendedConfig ASPM ClockPM MSI]
[    2.253876] acpi PNP0A03:00: fail to add MMCONFIG information, can't access extended PCI configuration space under this bridge.
[    2.264419] PCI host bridge to bus 0000:00
[    2.268368] pci_bus 0000:00: root bus resource [io  0x0000-0x0cf7 window]
[    2.274369] pci_bus 0000:00: root bus resource [io  0x0d00-0xffff window]
[    2.280293] pci_bus 0000:00: root bus resource [mem 0x000a0000-0x000bffff window]
[    2.287013] pci_bus 0000:00: root bus resource [mem 0xe0000000-0xfdffffff window]
[    2.293689] pci_bus 0000:00: root bus resource [bus 00-ff]
[    2.305851] pci 0000:00:01.1: legacy IDE quirk: reg 0x10: [io  0x01f0-0x01f7]
[    2.312068] pci 0000:00:01.1: legacy IDE quirk: reg 0x14: [io  0x03f6]
[    2.317873] pci 0000:00:01.1: legacy IDE quirk: reg 0x18: [io  0x0170-0x0177]
[    2.324087] pci 0000:00:01.1: legacy IDE quirk: reg 0x1c: [io  0x0376]
[    2.404975] pci 0000:00:07.0: quirk: [io  0x4000-0x403f] claimed by PIIX4 ACPI
[    2.411964] pci 0000:00:07.0: quirk: [io  0x4100-0x410f] claimed by PIIX4 SMB
[    2.447366] ACPI: PCI Interrupt Link [LNKA] (IRQs 5 9 10 *11)
[    2.457116] ACPI: PCI Interrupt Link [LNKB] (IRQs 5 9 *10 11)
[    2.466451] ACPI: PCI Interrupt Link [LNKC] (IRQs 5 *9 10 11)
[    2.475762] ACPI: PCI Interrupt Link [LNKD] (IRQs 5 9 10 *11)
[    2.485014] ACPI: Enabled 2 GPEs in block 00 to 07
[    2.491680] vgaarb: setting as boot device: PCI:0000:00:02.0
[    2.497014] vgaarb: device added: PCI:0000:00:02.0,decodes=io+mem,owns=io+mem,locks=none
[    2.504341] vgaarb: loaded
[    2.507618] vgaarb: bridge control possible 0000:00:02.0
[    2.512785] SCSI subsystem initialized
[    2.516630] ACPI: bus type USB registered
[    2.520375] usbcore: registered new interface driver usbfs
[    2.525359] usbcore: registered new interface driver hub
[    2.530163] usbcore: registered new device driver usb
[    2.535626] PCI: Using ACPI for IRQ routing
[    2.540612] NetLabel: Initializing
[    2.543900] NetLabel:  domain hash size = 128
[    2.547883] NetLabel:  protocols = UNLABELED CIPSOv4
[    2.552313] NetLabel:  unlabeled traffic allowed by default
[    2.557422] amd_nb: Cannot enumerate AMD northbridges
[    2.562422] clocksource: Switched to clocksource kvm-clock
[    2.580331] AppArmor: AppArmor Filesystem Enabled
[    2.585249] pnp: PnP ACPI init
[    2.590735] pnp: PnP ACPI: found 3 devices
[    2.615726] clocksource: acpi_pm: mask: 0xffffff max_cycles: 0xffffff, max_idle_ns: 2085701024 ns
[    2.623651] NET: Registered protocol family 2
[    2.628291] TCP established hash table entries: 32768 (order: 6, 262144 bytes)
[    2.635205] TCP bind hash table entries: 32768 (order: 7, 524288 bytes)
[    2.641662] TCP: Hash tables configured (established 32768 bind 32768)
[    2.647936] UDP hash table entries: 2048 (order: 4, 65536 bytes)
[    2.653175] UDP-Lite hash table entries: 2048 (order: 4, 65536 bytes)
[    2.658843] NET: Registered protocol family 1
[    2.662841] pci 0000:00:00.0: Limiting direct PCI/PCI transfers
[    2.668044] pci 0000:00:01.0: Activating ISA DMA hang workarounds
[    2.673775] Unpacking initramfs...
[    3.001206] Freeing initrd memory: 15440K
[    3.007990] PCI-DMA: Using software bounce buffering for IO (SWIOTLB)
[    3.015698] software IO TLB: mapped [mem 0xdbff0000-0xdfff0000] (64MB)
[    3.023369] clocksource: tsc: mask: 0xffffffffffffffff max_cycles: 0x214d4a199e2, max_idle_ns: 440795248823 ns
[    3.034038] platform rtc_cmos: registered platform RTC device (no PNP device found)
[    3.041161] Scanning for low memory corruption every 60 seconds
[    3.048072] audit: initializing netlink subsys (disabled)
[    3.053363] audit: type=2000 audit(1688823890.145:1): initialized
[    3.059678] Initialise system trusted keyring
[    3.064676] HugeTLB registered 2 MB page size, pre-allocated 0 pages
[    3.072378] zbud: loaded
[    3.075803] VFS: Disk quotas dquot_6.6.0
[    3.079590] VFS: Dquot-cache hash table entries: 512 (order 0, 4096 bytes)
[    3.086263] squashfs: version 4.0 (2009/01/31) Phillip Lougher
[    3.092268] fuse init (API version 7.23)
[    3.096407] Key type big_key registered
[    3.100216] Allocating IMA MOK and blacklist keyrings.
[    3.110971] Key type asymmetric registered
[    3.115213] Asymmetric key parser 'x509' registered
[    3.120205] Block layer SCSI generic (bsg) driver version 0.4 loaded (major 249)
[    3.127737] io scheduler noop registered
[    3.131689] io scheduler deadline registered (default)
[    3.136544] io scheduler cfq registered
[    3.140438] pci_hotplug: PCI Hot Plug PCI Core version: 0.5
[    3.145643] pciehp: PCI Express Hot Plug Controller Driver version: 0.4
[    3.152715] ACPI: AC Adapter [AC] (off-line)
[    3.156956] input: Power Button as /devices/LNXSYSTM:00/LNXPWRBN:00/input/input0
[    3.164418] ACPI: Power Button [PWRF]
[    3.168249] input: Sleep Button as /devices/LNXSYSTM:00/LNXSLPBN:00/input/input1
[    3.175098] ACPI: Sleep Button [SLPF]
[    3.181484] ACPI: Battery Slot [BAT0] (battery present)
[    3.186300] GHES: HEST is not enabled!
[    3.190127] Serial: 8250/16550 driver, 32 ports, IRQ sharing enabled
[    3.223457] 00:02: ttyS0 at I/O 0x3f8 (irq = 4, base_baud = 115200) is a 16550A
[    3.231542] Linux agpgart interface v0.103
[    3.239669] loop: module loaded
[    3.244800] scsi host0: ata_piix
[    3.248685] scsi host1: ata_piix
[    3.252125] ata1: PATA max UDMA/33 cmd 0x1f0 ctl 0x3f6 bmdma 0xd000 irq 14
[    3.258109] ata2: PATA max UDMA/33 cmd 0x170 ctl 0x376 bmdma 0xd008 irq 15
[    3.264486] libphy: Fixed MDIO Bus: probed
[    3.268821] tun: Universal TUN/TAP device driver, 1.6
[    3.273599] tun: (C) 1999-2004 Max Krasnyansky <maxk@qualcomm.com>
[    3.279131] PPP generic driver version 2.4.2
[    3.283498] ehci_hcd: USB 2.0 'Enhanced' Host Controller (EHCI) Driver
[    3.289302] ehci-pci: EHCI PCI platform driver
[    3.293684] ehci-platform: EHCI generic platform driver
[    3.298709] ohci_hcd: USB 1.1 'Open' Host Controller (OHCI) Driver
[    3.304208] ohci-pci: OHCI PCI platform driver
[    3.308397] ohci-platform: OHCI generic platform driver
[    3.313422] uhci_hcd: USB Universal Host Controller Interface driver
[    3.319387] i8042: PNP: PS/2 Controller [PNP0303:PS2K,PNP0f03:PS2M] at 0x60,0x64 irq 1,12
[    3.329914] serio: i8042 KBD port at 0x60,0x64 irq 1
[    3.334639] serio: i8042 AUX port at 0x60,0x64 irq 12
[    3.339334] mousedev: PS/2 mouse device common for all mice
[    3.347116] rtc_cmos rtc_cmos: rtc core: registered rtc_cmos as rtc0
[    3.353455] input: AT Translated Set 2 keyboard as /devices/platform/i8042/serio0/input/input2
[    3.360783] rtc_cmos rtc_cmos: alarms up to one day, 114 bytes nvram
[    3.366673] i2c /dev entries driver
[    3.370484] device-mapper: uevent: version 1.0.3
[    3.374947] device-mapper: ioctl: 4.34.0-ioctl (2015-10-28) initialised: dm-devel@redhat.com
[    3.382696] ledtrig-cpu: registered to indicate activity on CPUs
[    3.389756] NET: Registered protocol family 10
[    3.394641] NET: Registered protocol family 17
[    3.398767] Key type dns_resolver registered
[    3.403171] registered taskstats version 1
[    3.407164] Loading compiled-in X.509 certificates
[    3.412811] Loaded X.509 cert 'Build time autogenerated kernel key: cf00e047681d67edb2720680708b7d9498083038'
[    3.421419] zswap: loaded using pool lzo/zbud
[    3.485602] Key type trusted registered
[    3.495764] Key type encrypted registered
[    3.499618] AppArmor: AppArmor sha1 policy hashing enabled
[    3.504719] ima: No TPM chip found, activating TPM-bypass!
[    3.509759] ima: Allocated hash algorithm: sha1
[    3.514023] evm: HMAC attrs: 0x1
[    3.518898]   Magic number: 15:668:735
[    3.522976] rtc_cmos rtc_cmos: setting system clock to 2023-07-08 13:44:45 UTC (1688823885)
[    3.530712] BIOS EDD facility v0.16 2004-Jun-25, 0 devices found
[    3.536099] EDD information not available.
[    3.543107] Freeing unused kernel memory: 1492K
[    3.558832] Write protecting the kernel read-only data: 14336k
[    3.565137] Freeing unused kernel memory: 1584K
[    3.570066] Freeing unused kernel memory: 52K
Loading, please wait...
starting version 229
[    3.598196] random: systemd-udevd: uninitialized urandom read (16 bytes read, 5 bits of entropy available)
[    3.598629] random: udevadm: uninitialized urandom read (16 bytes read, 5 bits of entropy available)
[    3.598673] random: udevadm: uninitialized urandom read (16 bytes read, 5 bits of entropy available)
[    3.617461] random: udevadm: uninitialized urandom read (16 bytes read, 5 bits of entropy available)
[    3.617547] random: udevadm: uninitialized urandom read (16 bytes read, 5 bits of entropy available)
[    3.617878] random: udevadm: uninitialized urandom read (16 bytes read, 5 bits of entropy available)
[    3.618008] random: udevadm: uninitialized urandom read (16 bytes read, 5 bits of entropy available)
[    3.618117] random: udevadm: uninitialized urandom read (16 bytes read, 5 bits of entropy available)
[    3.618243] random: udevadm: uninitialized urandom read (16 bytes read, 5 bits of entropy available)
[    3.618345] random: udevadm: uninitialized urandom read (16 bytes read, 5 bits of entropy available)
[    3.730015] e1000: Intel(R) PRO/1000 Network Driver - version 7.3.21-k8-NAPI
[    3.736175] e1000: Copyright (c) 1999-2006 Intel Corporation.
[    3.754688] Fusion MPT base driver 3.04.20
[    3.758812] Copyright (c) 1999-2008 LSI Corporation
[    3.784299] AVX2 version of gcm_enc/dec engaged.
[    3.789088] AES CTR mode by8 optimization enabled
[    3.834028] Fusion MPT SPI Host driver 3.04.20
[    3.987259] input: ImExPS/2 Generic Explorer Mouse as /devices/platform/i8042/serio1/input/input4
[    4.322713] e1000 0000:00:03.0 eth0: (PCI:33MHz:32-bit) 02:dc:27:67:22:a8
[    4.333920] e1000 0000:00:03.0 eth0: Intel(R) PRO/1000 Network Connection
[    4.879125] e1000 0000:00:08.0 eth1: (PCI:33MHz:32-bit) 08:00:27:5e:08:d6
[    4.885021] e1000 0000:00:08.0 eth1: Intel(R) PRO/1000 Network Connection
[    4.893054] e1000 0000:00:03.0 enp0s3: renamed from eth0
[    4.900487] mptbase: ioc0: Initiating bringup
[    4.915028] e1000 0000:00:08.0 enp0s8: renamed from eth1
[    4.981356] ioc0: LSI53C1030 A0: Capabilities={Initiator}
[    5.149725] scsi host2: ioc0: LSI53C1030 A0, FwRev=00000000h, Ports=1, MaxQ=256, IRQ=20
[    5.268794] scsi 2:0:0:0: Direct-Access     VBOX     HARDDISK         1.0  PQ: 0 ANSI: 5
[    5.276307] scsi target2:0:0: Beginning Domain Validation
[    5.284564] scsi target2:0:0: Domain Validation skipping write tests
[    5.290117] scsi target2:0:0: Ending Domain Validation
[    5.294990] scsi target2:0:0: asynchronous
[    5.300088] scsi 2:0:1:0: Direct-Access     VBOX     HARDDISK         1.0  PQ: 0 ANSI: 5
[    5.307214] scsi target2:0:1: Beginning Domain Validation
[    5.315341] scsi target2:0:1: Domain Validation skipping write tests
[    5.320885] scsi target2:0:1: Ending Domain Validation
[    5.325711] scsi target2:0:1: asynchronous
[    5.345176] sd 2:0:0:0: Attached scsi generic sg0 type 0
[    5.350218] sd 2:0:0:0: [sda] 41943040 512-byte logical blocks: (21.5 GB/20.0 GiB)
[    5.358463] sd 2:0:1:0: [sdb] 20480 512-byte logical blocks: (10.5 MB/10.0 MiB)
[    5.365880] sd 2:0:0:0: [sda] Write Protect is off
[    5.366201] sd 2:0:1:0: [sdb] Write Protect is off
[    5.366542] sd 2:0:1:0: [sdb] Incomplete mode parameter data
[    5.366544] sd 2:0:1:0: [sdb] Assuming drive cache: write through
[    5.366784] sd 2:0:1:0: Attached scsi generic sg1 type 0
[    5.379469] sd 2:0:1:0: [sdb] Attached SCSI disk
[    5.398369] sd 2:0:0:0: [sda] Incomplete mode parameter data
[    5.403651] sd 2:0:0:0: [sda] Assuming drive cache: write through
[    5.413491]  sda: sda1
[    5.418655] sd 2:0:0:0: [sda] Attached SCSI disk
Begin: Loading essential drivers ... [    7.265738] md: linear personality registered for level -1
[    7.274982] md: multipath personality registered for level -4
[    7.283830] md: raid0 personality registered for level 0
[    7.300315] md: raid1 personality registered for level 1
[    7.960542] raid6: sse2x1   gen() 80309 MB/s
[    8.854316] raid6: sse2x1   xor() 63898 MB/s
[    9.053435] raid6: sse2x2   gen() 17284 MB/s
[    9.585573] raid6: sse2x2   xor() 53803 MB/s
[    9.918138] raid6: sse2x4   gen() 61628 MB/s
[   10.051254] raid6: sse2x4   xor()  9819 MB/s
[   10.282687] raid6: avx2x1   gen() 55788 MB/s
[   10.482942] raid6: avx2x2   gen() 51023 MB/s
[   11.214775] raid6: avx2x4   gen() 203294 MB/s
[   11.219570] raid6: using algorithm avx2x4 gen() 203294 MB/s
[   11.225863] raid6: using avx2x2 recovery algorithm
[   11.235841] xor: automatically using best checksumming function:
[   11.278470]    avx       :  4282.000 MB/sec
[   11.288034] async_tx: api initialized (async)
[   11.360900] md: raid6 personality registered for level 6
[   11.366377] md: raid5 personality registered for level 5
[   11.372356] md: raid4 personality registered for level 4
[   11.409989] md: raid10 personality registered for level 10
done.
Begin: Running /scripts/init-premount ... done.
Begin: Mounting root file system ... Begin: Running /scripts/local-top ... done.
Begin: Running /scripts/local-premount ... [   11.500008] Btrfs loaded
Scanning for Btrfs filesystems
done.
Warning: fsck not present, so skipping root file system
[   11.582167] EXT4-fs (sda1): mounted filesystem with ordered data mode. Opts: (null)
done.
Begin: Running /scripts/local-bottom ... done.
Begin: Running /scripts/init-bottom ... mkdir: can't create directory '/root/selinux': Read-only file system
done.
[   12.061737] systemd[1]: systemd 229 running in system mode. (+PAM +AUDIT +SELINUX +IMA +APPARMOR +SMACK +SYSVINIT +UTMP +LIBCRYPTSETUP +GCRYPT +GNUTLS +ACL +XZ -LZ4 +SECCOMP +BLKID +ELFUTILS +KMOD -IDN)
[   12.076295] systemd[1]: Detected virtualization oracle.
[   12.080993] systemd[1]: Detected architecture x86-64.

Welcome to [1mUbuntu 16.04.6 LTS[0m!

[   12.111011] systemd[1]: Set hostname to <monitoring>.
[   12.449404] random: nonblocking pool is initialized
[   12.663159] systemd[1]: Listening on Journal Socket.
[[0;32m  OK  [0m] Listening on Journal Socket.
[   12.671291] systemd[1]: Listening on LVM2 metadata daemon socket.
[[0;32m  OK  [0m] Listening on LVM2 metadata daemon socket.
[   12.680653] systemd[1]: Created slice System Slice.
[[0;32m  OK  [0m] Created slice System Slice.
[   12.702796] systemd[1]: Starting Uncomplicated firewall...
         Starting Uncomplicated firewall...
[   12.712932] systemd[1]: Mounting Debug File System...
         Mounting Debug File System...
[   12.721948] systemd[1]: Mounting Huge Pages File System...
         Mounting Huge Pages File System...
[   12.731476] systemd[1]: Starting Set console keymap...
         Starting Set console keymap...
[   12.739594] systemd[1]: Listening on Journal Audit Socket.
[[0;32m  OK  [0m] Listening on Journal Audit Socket.
[   12.749205] systemd[1]: Listening on udev Kernel Socket.
[[0;32m  OK  [0m] Listening on udev Kernel Socket.
[   12.758969] systemd[1]: Created slice User and Session Slice.
[[0;32m  OK  [0m] Created slice User and Session Slice.
[   12.769256] systemd[1]: Started Forward Password Requests to Wall Directory Watch.
[[0;32m  OK  [0m] Started Forward Password Requests to Wall Directory Watch.
[   12.780399] systemd[1]: Listening on Journal Socket (/dev/log).
[[0;32m  OK  [0m] Listening on Journal Socket (/dev/log).
[   12.789376] systemd[1]: Reached target User and Group Name Lookups.
[[0;32m  OK  [0m] Reached target User and Group Name Lookups.
[   12.798545] systemd[1]: Reached target Slices.
[[0;32m  OK  [0m] Reached target Slices.
[   12.805452] systemd[1]: Reached target System Time Synchronized.
[[0;32m  OK  [0m] Reached target System Time Synchronized.
[   12.814216] systemd[1]: Listening on Syslog Socket.
[[0;32m  OK  [0m] Listening on Syslog Socket.
[   12.821803] systemd[1]: Started Trigger resolvconf update for networkd DNS.
[[0;32m  OK  [0m] Started Trigger resolvconf update for networkd DNS.
[   12.845534] systemd[1]: Starting Create list of required static device nodes for the current kernel...
         Starting Create list of required st... nodes for the current kernel...
[   12.858305] systemd[1]: Listening on LVM2 poll daemon socket.
[[0;32m  OK  [0m] Listening on LVM2 poll daemon socket.
[   12.867166] systemd[1]: Reached target Encrypted Volumes.
[[0;32m  OK  [0m] Reached target Encrypted Volumes.
[   12.875210] systemd[1]: Listening on udev Control Socket.
[[0;32m  OK  [0m] Listening on udev Control Socket.
[   12.884399] systemd[1]: Mounting POSIX Message Queue File System...
         Mounting POSIX Message Queue File System...
[   12.893713] systemd[1]: Listening on Device-mapper event daemon FIFOs.
[[0;32m  OK  [0m] Listening on Device-mapper event daemon FIFOs.
[   12.903691] systemd[1]: Starting Monitoring of LVM2 mirrors, snapshots etc. using dmeventd or progress polling...
         Starting Monitoring of LVM2 mirrors... dmeventd or progress polling...
[   12.917198] systemd[1]: Set up automount Arbitrary Executable File Formats File System Automount Point.
[[0;32m  OK  [0m] Set up automount Arbitrary Executab...ats File System Automount Point.
[   12.938781] systemd[1]: Listening on /dev/initctl Compatibility Named Pipe.
[[0;32m  OK  [0m] Listening on /dev/initctl Compatibility Named Pipe.
[   12.958865] systemd[1]: Starting Journal Service...
         Starting Journal Service...
[   12.967707] systemd[1]: Created slice system-serial\x2dgetty.slice.
[[0;32m  OK  [0m] Created slice system-serial\x2dgetty.slice.
[   12.978629] systemd[1]: Starting Remount Root and Kernel File Systems...
         Starting Remount Root and Kernel File Systems...
[   12.988594] systemd[1]: Reached target Swap.
[   12.988909] EXT4-fs (sda1): re-mounted. Opts: (null)
[[0;32m  OK  [0m] Reached target Swap.
[   13.001276] systemd[1]: Starting Nameserver information manager...
         Starting Nameserver information manager...
[   13.013711] systemd[1]: Starting Load Kernel Modules...
         Starting Load Kernel Modules...
[   13.024183] systemd[1]: Mounted POSIX Message Queue File System.
[[0;32m  OK  [0m] Mounted POSIX Message Queue File System.
[   13.035449] systemd[1]: Mounted Debug File System.
[   13.041237] Loading iSCSI transport class v2.0-870.
[[0;32m  OK  [0m] Mounted Debug File System.
[   13.047946] systemd[1]: Mounted Huge Pages File System.
[[0;32m  OK  [0m] Mounted Huge Pages File System.
[   13.056495] systemd[1]: Started Journal Service.
[[0;32m  OK  [0m] Started Journal Service.
[[0;32m  OK  [0m] [   13.071431] iscsi: registered transport (tcp)
Started Uncomplicated firewall.
[[0;32m  OK  [0m] Started Set console keymap.
[[0;32m  OK  [0m] Started Create list of required sta...ce nodes for the current kernel.
[[0;32m  OK  [0m] Started Remount Root and Kernel File Systems.
[[0;32m  OK  [0m] Started LVM2 metadata daemon.
         Starting Load/Save Random Seed...
         Starting udev Coldplug all Devices...
         Starting Create Static Device Nodes in /dev...
         Starting Flush Journal to Persistent Storage...
[[0;32m  OK  [0m] Started Nameserver information manager.
[[0;32m  OK  [0m] Started Load/Save Random Seed.
[   13.178552] systemd-journald[409]: Received request to flush runtime journal from PID 1
[[0;32m  OK  [0m] Started Flush Journal to Persistent Storage.
[   13.209482] iscsi: registered transport (iser)
[[0;32m  OK  [0m] Started Load Kernel Modules.
         Starting Apply Kernel Variables...
         Mounting FUSE Control File System...
[[0;32m  OK  [0m] Mounted FUSE Control File System.
[[0;32m  OK  [0m] Started udev Coldplug all Devices.
[[0;32m  OK  [0m] Started Create Static Device Nodes in /dev.
         Starting udev Kernel Device Manager...
[[0;32m  OK  [0m] Started Apply Kernel Variables.
[[0;32m  OK  [0m] Started udev Kernel Device Manager.
[[0;32m  OK  [0m] Started Dispatch Password Requests to Console Directory Watch.
[[0;32m  OK  [0m] Started Monitoring of LVM2 mirrors,...ng dmeventd or progress polling.
[[0;32m  OK  [0m] Reached target Local File Systems (Pre).
[[0;32m  OK  [0m] Reached target Local File Systems.
         Starting Tell Plymouth To Write Out Runtime Data...
         Starting Initial cloud-init job (pre-networking)...
         Starting Create Volatile Files and Directories...
         Starting Set console font and keymap...
[[0;32m  OK  [0m] Started Tell Plymouth To Write Out Runtime Data.
[[0;32m  OK  [0m] Started Create Volatile Files and Directories.
         Starting Update UTMP about System Boot/Shutdown...
[[0;32m  OK  [0m] Started Update UTMP about System Boot/Shutdown.
[[0;32m  OK  [0m] Found device /dev/ttyS0.
[[0;32m  OK  [0m] Listening on Load/Save RF Kill Switch Status /dev/rfkill Watch.
[[0;32m  OK  [0m] Found device 82540EM Gigabit Ethern...r (PRO/1000 MT Desktop Adapter).
[[0;32m  OK  [0m] Found device 82540EM Gigabit Ethern...r (PRO/1000 MT Desktop Adapter).
[   13.630022] [[0;32m  OK  [0m] Started Initial cloud-init job (pre-networking).
[[0;32m  OK  [0m] Reached target Network (Pre).
[[0;32m  OK  [0m] Started ifup for enp0s8.
[[0;32m  OK  [0m] Started ifup for enp0s3.
cloud-init[502]: Cloud-init v. 19.1-1-gbaa47854-0ubuntu1~16.04.1 running 'init-local' at Sat, 08 Jul 2023 13:44:56 +0000. Up 13.25 seconds.
         Starting Raise network interfaces...
[[0;32m  OK  [0m] Started Set console font and keymap.
[[0;32m  OK  [0m] Created slice system-getty.slice.
[[0;32m  OK  [0m] Started Raise network interfaces.
         Starting Initial cloud-init job (metadata service crawler)...
[[0;32m  OK  [0m] Reached target Network.
[   15.346616] cloud-init[1255]: Cloud-init v. 19.1-1-gbaa47854-0ubuntu1~16.04.1 running 'init' at Sat, 08 Jul 2023 13:44:58 +0000. Up 14.97 seconds.
[   15.352905] cloud-init[1255]: ci-info: ++++++++++++++++++++++++++++++++++++++Net device info++++++++++++++++++++++++++++++++++++++
[   15.358512] cloud-init[1255]: ci-info: +--------+------+----------------------------+---------------+--------+-------------------+
[   15.364106] cloud-init[1255]: ci-info: | Device |  Up  |          Address           |      Mask     | Scope  |     Hw-Address    |
[   15.369651] cloud-init[1255]: ci-info: +--------+------+----------------------------+---------------+--------+-------------------+
[   15.375144] cloud-init[1255]: ci-info: | enp0s3 | True |         10.0.2.15          | 255.255.255.0 | global | 02:dc:27:67:22:a8 |
[   15.380776] cloud-init[1255]: ci-info: | enp0s3 | True | fe80::dc:27ff:fe67:22a8/64 |       .       |  link  | 02:dc:27:67:22:a8 |
[   15.386259] cloud-init[1255]: ci-info: | enp0s8 | True |       192.168.26.11        | 255.255.255.0 | global | 08:00:27:5e:08:d6 |
[   15.391839] cloud-init[1255]: ci-info: | enp0s8 | True | fe80::a00:27ff:fe5e:8d6/64 |       .       |  link  | 08:00:27:5e:08:d6 |
[   15.397440] cloud-init[1255]: ci-info: |   lo   | True |         127.0.0.1          |   255.0.0.0   |  host  |         .         |
[   15.403077] cloud-init[1255]: ci-info: |   lo   | True |          ::1/128           |       .       |  host  |         .         |
[   15.408719] cloud-init[1255]: ci-info: +--------+------+----------------------------+---------------+--------+-------------------+
[   15.414331] cloud-init[1255]: ci-info: ++++++++++++++++++++++++++++Route IPv4 info++++++++++++++++++++++++++++
[   15.419697] cloud-init[1255]: ci-info: +-------+--------------+----------+---------------+-----------+-------+
[   15.424858] cloud-init[1255]: ci-info: | Route | Destination  | Gateway  |    Genmask    | Interface | Flags |
[   15.429902] cloud-init[1255]: ci-info: +-------+--------------+----------+---------------+-----------+-------+
[   15.435266] cloud-init[1255]: ci-info: |   0   |   0.0.0.0    | 10.0.2.2 |    0.0.0.0    |   enp0s3  |   UG  |
[   15.440353] cloud-init[1255]: ci-info: |   1   |   10.0.2.0   | 0.0.0.0  | 255.255.255.0 |   enp0s3  |   U   |
[   15.445451] cloud-init[1255]: ci-info: |   2   | 192.168.26.0 | 0.0.0.0  | 255.255.255.0 |   enp0s8  |   U   |
[   15.450556] cloud-init[1255]: ci-info: +-------+--------------+----------+---------------+-----------+-------+
[   15.455631] cloud-init[1255]: ci-info: +++++++++++++++++++Route IPv6 info+++++++++++++++++++
[   15.460180] cloud-init[1255]: ci-info: +-------+-------------+---------+-----------+-------+
[   15.464771] cloud-init[1255]: ci-info: | Route | Destination | Gateway | Interface | Flags |
[   15.469399] cloud-init[1255]: ci-info: +-------+-------------+---------+-----------+-------+
[   15.473974] cloud-init[1255]: ci-info: |   0   |  fe80::/64  |    ::   |   enp0s8  |   U   |
[   15.478510] cloud-init[1255]: ci-info: |   1   |  fe80::/64  |    ::   |   enp0s3  |   U   |
[   15.483115] cloud-init[1255]: ci-info: |   5   |   ff00::/8  |    ::   |   enp0s8  |   U   |
[   15.487655] cloud-init[1255]: ci-info: |   6   |   ff00::/8  |    ::   |   enp0s3  |   U   |
[   15.492270] cloud-init[1255]: ci-info: +-------+-------------+---------+-----------+-------+
[[0;32m  OK  [0m] Started Initial cloud-init job (metadata service crawler).
[[0;32m  OK  [0m] Reached target System Initialization.
[[0;32m  OK  [0m] Started Daily apt download activities.
         Starting Docker Socket for the API.
[[0;32m  OK  [0m] Listening on UUID daemon activation socket.
[[0;32m  OK  [0m] Listening on ACPID Listen Socket.
[[0;32m  OK  [0m] Started Daily Cleanup of Temporary Directories.
[[0;32m  OK  [0m] Listening on D-Bus System Message Bus Socket.
[[0;32m  OK  [0m] Started ACPI Events Check.
[[0;32m  OK  [0m] Reached target Paths.
[[0;32m  OK  [0m] Started Daily apt upgrade and clean activities.
[[0;32m  OK  [0m] Reached target Timers.
[[0;32m  OK  [0m] Reached target Network is Online.
         Starting iSCSI initiator daemon (iscsid)...
[[0;32m  OK  [0m] Reached target Cloud-config availability.
[[0;32m  OK  [0m] Listening on Docker Socket for the API.
[[0;32m  OK  [0m] Reached target Sockets.
[[0;32m  OK  [0m] Reached target Basic System.
         Starting containerd container runtime...
         Starting Virtualbox guest utils...
         Starting LSB: MD monitoring daemon...
[[0;32m  OK  [0m] Started D-Bus System Message Bus.
         Starting OpenBSD Secure Shell server...
         Starting System Logging Service...
         Starting LSB: Record successful boot for GRUB...
         Starting LSB: Relabel the filesystem before reboot...
[[0;32m  OK  [0m] Started Deferred execution scheduler.
         Starting Apply the settings specified in cloud-config...
         Starting Accounts Service...
[[0;32m  OK  [0m] Started Regular background program processing daemon.
[[0;32m  OK  [0m] Started ACPI event daemon.
[[0;32m  OK  [0m] Started FUSE filesystem for LXC.
         Starting Ubuntu FAN network setup...
         Starting /etc/rc.local Compatibility...
         Starting Login Service...
[[0;32m  OK  [0m] Started iSCSI initiator daemon (iscsid).
[[0;32m  OK  [0m] Started containerd container runtime.
[[0;32m  OK  [0m] Started Ubuntu FAN network setup.
[[0;32m  OK  [0m] Started /etc/rc.local Compatibility.
[[0;32m  OK  [0m] Started System Logging Service.
         Starting Docker Application Container Engine...
         Starting Login to default iSCSI targets...
[[0;32m  OK  [0m] Started LSB: Relabel the filesystem before reboot.
[[0;32m  OK  [0m] Started Login Service.
[[0;32m  OK  [0m] Started Unattended Upgrades Shutdown.
[[0;32m  OK  [0m] Started LSB: Record successful boot for GRUB.
[[0;32m  OK  [0m] Started LSB: MD monitoring daemon.
[[0;32m  OK  [0m] Started OpenBSD Secure Shell server.
[[0;32m  OK  [0m] Started Login to default iSCSI targets.
[[0;32m  OK  [0m] Reached target Remote File Systems (Pre).
[[0;32m  OK  [0m] Reached target Remote File Systems.
         Starting LSB: daemon to balance interrupts for SMP systems...
         Starting LSB: automatic crash report generation...
         Starting Permit User Sessions...
         Starting LSB: Set the CPU Frequency Scaling governor to "ondemand"...
         Starting LSB: Set up cgroupfs mounts....
[[0;32m  OK  [0m] Started Permit User Sessions.
         Starting Authenticate and Authorize Users to Run Privileged Tasks...
         Starting Hold until boot process finishes up...
         Starting Terminate Plymouth Boot Screen...
[[0;32m  OK  [0m] Started LSB: Set up cgroupfs mounts..
[[0;32m  OK  [0m] Started Hold until boot process finishes up.
[[0;32m  OK  [0m] Started Serial Getty on ttyS0.
[[0;32m  OK  [0m] Started Getty on tty1.
[[0;32m  OK  [0m] Reached target Login Prompts.
         Starting Set console scheme...
[[0;32m  OK  [0m] Started LSB: Set the CPU Frequency Scaling governor to "ondemand".
[[0;32m  OK  [0m] Started Terminate Plymouth Boot Screen.
[[0;32m  OK  [0m] Started Set console scheme.
[[0;32m  OK  [0m] Started Virtualbox guest utils.
[[0;32m  OK  [0m] Started LSB: automatic crash report generation.
[[0;32m  OK  [0m] Started LSB: daemon to balance interrupts for SMP systems.
[[0;32m  OK  [0m] Started Authenticate and Authorize Users to Run Privileged Tasks.
[[0;32m  OK  [0m] Started Accounts Service.
[   16.932035] cloud-init[1341]: Cloud-init v. 19.1-1-gbaa47854-0ubuntu1~16.04.1 running 'modules:config' at Sat, 08 Jul 2023 13:44:59 +0000. Up 16.41 seconds.
[[0;32m  OK  [0m] Started Apply the settings specified in cloud-config.
[[0;32m  OK  [0m] Created slice User Slice of vagrant.
         Starting User Manager for UID 1000...
[[0;32m  OK  [0m] Started Session 1 of user vagrant.
[[0;32m  OK  [0m] Started User Manager for UID 1000.
[[0;32m  OK  [0m] Started Docker Application Container Engine.
[[0;32m  OK  [0m] Reached target Multi-User System.
         Starting Execute cloud user/final scripts...
[[0;32m  OK  [0m] Reached target Graphical Interface.
         Starting Update UTMP about System Runlevel Changes...
[[0;32m  OK  [0m] Started Update UTMP about System Runlevel Changes.
[   20.957829] cloud-init[1875]: Cloud-init v. 19.1-1-gbaa47854-0ubuntu1~16.04.1 running 'modules:final' at Sat, 08 Jul 2023 13:45:04 +0000. Up 20.82 seconds.
[   20.964504] cloud-init[1875]: Cloud-init v. 19.1-1-gbaa47854-0ubuntu1~16.04.1 finished at Sat, 08 Jul 2023 13:45:04 +0000. Datasource DataSourceNoCloud [seed=/dev/sdb][dsmode=net].  Up 20.94 seconds
[[0;32m  OK  [0m] Started Execute cloud user/final scripts.
[[0;32m  OK  [0m] Reached target Cloud-init target.

Ubuntu 16.04.6 LTS monitoring ttyS0

monitoring login: 